<!doctype html public "-//w3c//dtd html 4.0 transitional//en">
<html><head>
<title>Static Call Graph - [..\Output\5220-apm32.axf]</title></head>
<body><HR>
<H1>Static Call Graph for image ..\Output\5220-apm32.axf</H1><HR>
<BR><P>#&#060CALLGRAPH&#062# ARM Linker, 5060960: Last Updated: Thu Sep 17 09:41:45 2026
<BR><P>
<H3>Maximum Stack Usage =        136 bytes + Unknown(Cycles, Untraceable Function Pointers)</H3><H3>
Call chain for Maximum Stack Depth:</H3>
main &rArr; uart1_Init &rArr; USART_Config &rArr; RCM_ReadPCLKFreq &rArr; RCM_ReadHCLKFreq
<P>
<H3>
Mutually Recursive functions
</H3> <LI><a href="#[1c]">ADC1_2_IRQHandler</a>&nbsp;&nbsp;&nbsp;&rArr;&nbsp;&nbsp;&nbsp;<a href="#[1c]">ADC1_2_IRQHandler</a><BR>
 <LI><a href="#[4]">BusFault_Handler</a>&nbsp;&nbsp;&nbsp;&rArr;&nbsp;&nbsp;&nbsp;<a href="#[4]">BusFault_Handler</a><BR>
 <LI><a href="#[2]">HardFault_Handler</a>&nbsp;&nbsp;&nbsp;&rArr;&nbsp;&nbsp;&nbsp;<a href="#[2]">HardFault_Handler</a><BR>
 <LI><a href="#[3]">MemManage_Handler</a>&nbsp;&nbsp;&nbsp;&rArr;&nbsp;&nbsp;&nbsp;<a href="#[3]">MemManage_Handler</a><BR>
 <LI><a href="#[5]">UsageFault_Handler</a>&nbsp;&nbsp;&nbsp;&rArr;&nbsp;&nbsp;&nbsp;<a href="#[5]">UsageFault_Handler</a><BR>
</UL>
<P>
<H3>
Function Pointers
</H3><UL>
 <LI><a href="#[1c]">ADC1_2_IRQHandler</a> from startup_apm32f103xb.o(.text) referenced from startup_apm32f103xb.o(RESET)
 <LI><a href="#[4]">BusFault_Handler</a> from apm32f10x_int.o(i.BusFault_Handler) referenced from startup_apm32f103xb.o(RESET)
 <LI><a href="#[1f]">CAN1_RX1_IRQHandler</a> from startup_apm32f103xb.o(.text) referenced from startup_apm32f103xb.o(RESET)
 <LI><a href="#[20]">CAN1_SCE_IRQHandler</a> from startup_apm32f103xb.o(.text) referenced from startup_apm32f103xb.o(RESET)
 <LI><a href="#[39]">CAN2_RX1_IRQHandler</a> from startup_apm32f103xb.o(.text) referenced from startup_apm32f103xb.o(RESET)
 <LI><a href="#[3a]">CAN2_SCE_IRQHandler</a> from startup_apm32f103xb.o(.text) referenced from startup_apm32f103xb.o(RESET)
 <LI><a href="#[15]">DMA1_Channel1_IRQHandler</a> from startup_apm32f103xb.o(.text) referenced from startup_apm32f103xb.o(RESET)
 <LI><a href="#[16]">DMA1_Channel2_IRQHandler</a> from startup_apm32f103xb.o(.text) referenced from startup_apm32f103xb.o(RESET)
 <LI><a href="#[17]">DMA1_Channel3_IRQHandler</a> from startup_apm32f103xb.o(.text) referenced from startup_apm32f103xb.o(RESET)
 <LI><a href="#[18]">DMA1_Channel4_IRQHandler</a> from startup_apm32f103xb.o(.text) referenced from startup_apm32f103xb.o(RESET)
 <LI><a href="#[19]">DMA1_Channel5_IRQHandler</a> from startup_apm32f103xb.o(.text) referenced from startup_apm32f103xb.o(RESET)
 <LI><a href="#[1a]">DMA1_Channel6_IRQHandler</a> from startup_apm32f103xb.o(.text) referenced from startup_apm32f103xb.o(RESET)
 <LI><a href="#[1b]">DMA1_Channel7_IRQHandler</a> from startup_apm32f103xb.o(.text) referenced from startup_apm32f103xb.o(RESET)
 <LI><a href="#[7]">DebugMon_Handler</a> from apm32f10x_int.o(i.DebugMon_Handler) referenced from startup_apm32f103xb.o(RESET)
 <LI><a href="#[10]">EINT0_IRQHandler</a> from startup_apm32f103xb.o(.text) referenced from startup_apm32f103xb.o(RESET)
 <LI><a href="#[32]">EINT15_10_IRQHandler</a> from startup_apm32f103xb.o(.text) referenced from startup_apm32f103xb.o(RESET)
 <LI><a href="#[11]">EINT1_IRQHandler</a> from startup_apm32f103xb.o(.text) referenced from startup_apm32f103xb.o(RESET)
 <LI><a href="#[12]">EINT2_IRQHandler</a> from startup_apm32f103xb.o(.text) referenced from startup_apm32f103xb.o(RESET)
 <LI><a href="#[13]">EINT3_IRQHandler</a> from startup_apm32f103xb.o(.text) referenced from startup_apm32f103xb.o(RESET)
 <LI><a href="#[14]">EINT4_IRQHandler</a> from startup_apm32f103xb.o(.text) referenced from startup_apm32f103xb.o(RESET)
 <LI><a href="#[21]">EINT9_5_IRQHandler</a> from startup_apm32f103xb.o(.text) referenced from startup_apm32f103xb.o(RESET)
 <LI><a href="#[e]">FLASH_IRQHandler</a> from startup_apm32f103xb.o(.text) referenced from startup_apm32f103xb.o(RESET)
 <LI><a href="#[35]">FPU_IRQHandler</a> from startup_apm32f103xb.o(.text) referenced from startup_apm32f103xb.o(RESET)
 <LI><a href="#[2]">HardFault_Handler</a> from apm32f10x_int.o(i.HardFault_Handler) referenced from startup_apm32f103xb.o(RESET)
 <LI><a href="#[2a]">I2C1_ER_IRQHandler</a> from startup_apm32f103xb.o(.text) referenced from startup_apm32f103xb.o(RESET)
 <LI><a href="#[29]">I2C1_EV_IRQHandler</a> from startup_apm32f103xb.o(.text) referenced from startup_apm32f103xb.o(RESET)
 <LI><a href="#[2c]">I2C2_ER_IRQHandler</a> from startup_apm32f103xb.o(.text) referenced from startup_apm32f103xb.o(RESET)
 <LI><a href="#[2b]">I2C2_EV_IRQHandler</a> from startup_apm32f103xb.o(.text) referenced from startup_apm32f103xb.o(RESET)
 <LI><a href="#[3]">MemManage_Handler</a> from apm32f10x_int.o(i.MemManage_Handler) referenced from startup_apm32f103xb.o(RESET)
 <LI><a href="#[1]">NMI_Handler</a> from apm32f10x_int.o(i.NMI_Handler) referenced from startup_apm32f103xb.o(RESET)
 <LI><a href="#[b]">PVD_IRQHandler</a> from startup_apm32f103xb.o(.text) referenced from startup_apm32f103xb.o(RESET)
 <LI><a href="#[8]">PendSV_Handler</a> from apm32f10x_int.o(i.PendSV_Handler) referenced from startup_apm32f103xb.o(RESET)
 <LI><a href="#[36]">QSPI_IRQHandler</a> from startup_apm32f103xb.o(.text) referenced from startup_apm32f103xb.o(RESET)
 <LI><a href="#[f]">RCM_IRQHandler</a> from startup_apm32f103xb.o(.text) referenced from startup_apm32f103xb.o(RESET)
 <LI><a href="#[33]">RTCAlarm_IRQHandler</a> from startup_apm32f103xb.o(.text) referenced from startup_apm32f103xb.o(RESET)
 <LI><a href="#[d]">RTC_IRQHandler</a> from startup_apm32f103xb.o(.text) referenced from startup_apm32f103xb.o(RESET)
 <LI><a href="#[0]">Reset_Handler</a> from startup_apm32f103xb.o(.text) referenced from startup_apm32f103xb.o(RESET)
 <LI><a href="#[2d]">SPI1_IRQHandler</a> from startup_apm32f103xb.o(.text) referenced from startup_apm32f103xb.o(RESET)
 <LI><a href="#[2e]">SPI2_IRQHandler</a> from startup_apm32f103xb.o(.text) referenced from startup_apm32f103xb.o(RESET)
 <LI><a href="#[6]">SVC_Handler</a> from apm32f10x_int.o(i.SVC_Handler) referenced from startup_apm32f103xb.o(RESET)
 <LI><a href="#[9]">SysTick_Handler</a> from apm32f10x_int.o(i.SysTick_Handler) referenced from startup_apm32f103xb.o(RESET)
 <LI><a href="#[3c]">SystemInit</a> from system_apm32f10x.o(i.SystemInit) referenced from startup_apm32f103xb.o(.text)
 <LI><a href="#[c]">TAMPER_IRQHandler</a> from startup_apm32f103xb.o(.text) referenced from startup_apm32f103xb.o(RESET)
 <LI><a href="#[22]">TMR1_BRK_IRQHandler</a> from startup_apm32f103xb.o(.text) referenced from startup_apm32f103xb.o(RESET)
 <LI><a href="#[25]">TMR1_CC_IRQHandler</a> from startup_apm32f103xb.o(.text) referenced from startup_apm32f103xb.o(RESET)
 <LI><a href="#[24]">TMR1_TRG_COM_IRQHandler</a> from startup_apm32f103xb.o(.text) referenced from startup_apm32f103xb.o(RESET)
 <LI><a href="#[23]">TMR1_UP_IRQHandler</a> from startup_apm32f103xb.o(.text) referenced from startup_apm32f103xb.o(RESET)
 <LI><a href="#[26]">TMR2_IRQHandler</a> from startup_apm32f103xb.o(.text) referenced from startup_apm32f103xb.o(RESET)
 <LI><a href="#[27]">TMR3_IRQHandler</a> from startup_apm32f103xb.o(.text) referenced from startup_apm32f103xb.o(RESET)
 <LI><a href="#[28]">TMR4_IRQHandler</a> from startup_apm32f103xb.o(.text) referenced from startup_apm32f103xb.o(RESET)
 <LI><a href="#[2f]">USART1_IRQHandler</a> from uart.o(i.USART1_IRQHandler) referenced from startup_apm32f103xb.o(RESET)
 <LI><a href="#[30]">USART2_IRQHandler</a> from startup_apm32f103xb.o(.text) referenced from startup_apm32f103xb.o(RESET)
 <LI><a href="#[31]">USART3_IRQHandler</a> from startup_apm32f103xb.o(.text) referenced from startup_apm32f103xb.o(RESET)
 <LI><a href="#[1d]">USBD1_HP_CAN1_TX_IRQHandler</a> from startup_apm32f103xb.o(.text) referenced from startup_apm32f103xb.o(RESET)
 <LI><a href="#[1e]">USBD1_LP_CAN1_RX0_IRQHandler</a> from startup_apm32f103xb.o(.text) referenced from startup_apm32f103xb.o(RESET)
 <LI><a href="#[37]">USBD2_HP_IRQHandler</a> from startup_apm32f103xb.o(.text) referenced from startup_apm32f103xb.o(RESET)
 <LI><a href="#[38]">USBD2_LP_IRQHandler</a> from startup_apm32f103xb.o(.text) referenced from startup_apm32f103xb.o(RESET)
 <LI><a href="#[34]">USBDWakeUp_IRQHandler</a> from startup_apm32f103xb.o(.text) referenced from startup_apm32f103xb.o(RESET)
 <LI><a href="#[5]">UsageFault_Handler</a> from apm32f10x_int.o(i.UsageFault_Handler) referenced from startup_apm32f103xb.o(RESET)
 <LI><a href="#[a]">WWDT_IRQHandler</a> from startup_apm32f103xb.o(.text) referenced from startup_apm32f103xb.o(RESET)
 <LI><a href="#[3d]">__main</a> from entry.o(.ARM.Collect$$$$00000000) referenced from startup_apm32f103xb.o(.text)
 <LI><a href="#[3b]">main</a> from main.o(i.main) referenced from entry9a.o(.ARM.Collect$$$$0000000B)
</UL>
<P>
<H3>
Global Symbols
</H3>
<P><STRONG><a name="[3d]"></a>__main</STRONG> (Thumb, 0 bytes, Stack size unknown bytes, entry.o(.ARM.Collect$$$$00000000))
<BR>[Address Reference Count : 1]<UL><LI> startup_apm32f103xb.o(.text)
</UL>
<P><STRONG><a name="[b1]"></a>_main_stk</STRONG> (Thumb, 0 bytes, Stack size unknown bytes, entry2.o(.ARM.Collect$$$$00000001))

<P><STRONG><a name="[3e]"></a>_main_scatterload</STRONG> (Thumb, 0 bytes, Stack size unknown bytes, entry5.o(.ARM.Collect$$$$00000004))
<BR><BR>[Calls]<UL><LI><a href="#[3f]">&gt;&gt;</a>&nbsp;&nbsp;&nbsp;__scatterload
</UL>

<P><STRONG><a name="[40]"></a>__main_after_scatterload</STRONG> (Thumb, 0 bytes, Stack size unknown bytes, entry5.o(.ARM.Collect$$$$00000004))
<BR><BR>[Called By]<UL><LI><a href="#[3f]">&gt;&gt;</a>&nbsp;&nbsp;&nbsp;__scatterload
</UL>

<P><STRONG><a name="[b2]"></a>_main_clock</STRONG> (Thumb, 0 bytes, Stack size unknown bytes, entry7b.o(.ARM.Collect$$$$00000008))

<P><STRONG><a name="[b3]"></a>_main_cpp_init</STRONG> (Thumb, 0 bytes, Stack size unknown bytes, entry8b.o(.ARM.Collect$$$$0000000A))

<P><STRONG><a name="[b4]"></a>_main_init</STRONG> (Thumb, 0 bytes, Stack size unknown bytes, entry9a.o(.ARM.Collect$$$$0000000B))

<P><STRONG><a name="[b5]"></a>__rt_lib_shutdown_fini</STRONG> (Thumb, 0 bytes, Stack size unknown bytes, entry12b.o(.ARM.Collect$$$$0000000E))

<P><STRONG><a name="[b6]"></a>__rt_final_cpp</STRONG> (Thumb, 0 bytes, Stack size unknown bytes, entry10a.o(.ARM.Collect$$$$0000000F))

<P><STRONG><a name="[b7]"></a>__rt_final_exit</STRONG> (Thumb, 0 bytes, Stack size unknown bytes, entry11a.o(.ARM.Collect$$$$00000011))

<P><STRONG><a name="[0]"></a>Reset_Handler</STRONG> (Thumb, 8 bytes, Stack size 0 bytes, startup_apm32f103xb.o(.text))
<BR>[Address Reference Count : 1]<UL><LI> startup_apm32f103xb.o(RESET)
</UL>
<P><STRONG><a name="[1c]"></a>ADC1_2_IRQHandler</STRONG> (Thumb, 0 bytes, Stack size 0 bytes, startup_apm32f103xb.o(.text))
<BR><BR>[Calls]<UL><LI><a href="#[1c]">&gt;&gt;</a>&nbsp;&nbsp;&nbsp;ADC1_2_IRQHandler
</UL>
<BR>[Called By]<UL><LI><a href="#[1c]">&gt;&gt;</a>&nbsp;&nbsp;&nbsp;ADC1_2_IRQHandler
</UL>
<BR>[Address Reference Count : 1]<UL><LI> startup_apm32f103xb.o(RESET)
</UL>
<P><STRONG><a name="[1f]"></a>CAN1_RX1_IRQHandler</STRONG> (Thumb, 0 bytes, Stack size 0 bytes, startup_apm32f103xb.o(.text))
<BR>[Address Reference Count : 1]<UL><LI> startup_apm32f103xb.o(RESET)
</UL>
<P><STRONG><a name="[20]"></a>CAN1_SCE_IRQHandler</STRONG> (Thumb, 0 bytes, Stack size 0 bytes, startup_apm32f103xb.o(.text))
<BR>[Address Reference Count : 1]<UL><LI> startup_apm32f103xb.o(RESET)
</UL>
<P><STRONG><a name="[39]"></a>CAN2_RX1_IRQHandler</STRONG> (Thumb, 0 bytes, Stack size 0 bytes, startup_apm32f103xb.o(.text))
<BR>[Address Reference Count : 1]<UL><LI> startup_apm32f103xb.o(RESET)
</UL>
<P><STRONG><a name="[3a]"></a>CAN2_SCE_IRQHandler</STRONG> (Thumb, 0 bytes, Stack size 0 bytes, startup_apm32f103xb.o(.text))
<BR>[Address Reference Count : 1]<UL><LI> startup_apm32f103xb.o(RESET)
</UL>
<P><STRONG><a name="[15]"></a>DMA1_Channel1_IRQHandler</STRONG> (Thumb, 0 bytes, Stack size 0 bytes, startup_apm32f103xb.o(.text))
<BR>[Address Reference Count : 1]<UL><LI> startup_apm32f103xb.o(RESET)
</UL>
<P><STRONG><a name="[16]"></a>DMA1_Channel2_IRQHandler</STRONG> (Thumb, 0 bytes, Stack size 0 bytes, startup_apm32f103xb.o(.text))
<BR>[Address Reference Count : 1]<UL><LI> startup_apm32f103xb.o(RESET)
</UL>
<P><STRONG><a name="[17]"></a>DMA1_Channel3_IRQHandler</STRONG> (Thumb, 0 bytes, Stack size 0 bytes, startup_apm32f103xb.o(.text))
<BR>[Address Reference Count : 1]<UL><LI> startup_apm32f103xb.o(RESET)
</UL>
<P><STRONG><a name="[18]"></a>DMA1_Channel4_IRQHandler</STRONG> (Thumb, 0 bytes, Stack size 0 bytes, startup_apm32f103xb.o(.text))
<BR>[Address Reference Count : 1]<UL><LI> startup_apm32f103xb.o(RESET)
</UL>
<P><STRONG><a name="[19]"></a>DMA1_Channel5_IRQHandler</STRONG> (Thumb, 0 bytes, Stack size 0 bytes, startup_apm32f103xb.o(.text))
<BR>[Address Reference Count : 1]<UL><LI> startup_apm32f103xb.o(RESET)
</UL>
<P><STRONG><a name="[1a]"></a>DMA1_Channel6_IRQHandler</STRONG> (Thumb, 0 bytes, Stack size 0 bytes, startup_apm32f103xb.o(.text))
<BR>[Address Reference Count : 1]<UL><LI> startup_apm32f103xb.o(RESET)
</UL>
<P><STRONG><a name="[1b]"></a>DMA1_Channel7_IRQHandler</STRONG> (Thumb, 0 bytes, Stack size 0 bytes, startup_apm32f103xb.o(.text))
<BR>[Address Reference Count : 1]<UL><LI> startup_apm32f103xb.o(RESET)
</UL>
<P><STRONG><a name="[10]"></a>EINT0_IRQHandler</STRONG> (Thumb, 0 bytes, Stack size 0 bytes, startup_apm32f103xb.o(.text))
<BR>[Address Reference Count : 1]<UL><LI> startup_apm32f103xb.o(RESET)
</UL>
<P><STRONG><a name="[32]"></a>EINT15_10_IRQHandler</STRONG> (Thumb, 0 bytes, Stack size 0 bytes, startup_apm32f103xb.o(.text))
<BR>[Address Reference Count : 1]<UL><LI> startup_apm32f103xb.o(RESET)
</UL>
<P><STRONG><a name="[11]"></a>EINT1_IRQHandler</STRONG> (Thumb, 0 bytes, Stack size 0 bytes, startup_apm32f103xb.o(.text))
<BR>[Address Reference Count : 1]<UL><LI> startup_apm32f103xb.o(RESET)
</UL>
<P><STRONG><a name="[12]"></a>EINT2_IRQHandler</STRONG> (Thumb, 0 bytes, Stack size 0 bytes, startup_apm32f103xb.o(.text))
<BR>[Address Reference Count : 1]<UL><LI> startup_apm32f103xb.o(RESET)
</UL>
<P><STRONG><a name="[13]"></a>EINT3_IRQHandler</STRONG> (Thumb, 0 bytes, Stack size 0 bytes, startup_apm32f103xb.o(.text))
<BR>[Address Reference Count : 1]<UL><LI> startup_apm32f103xb.o(RESET)
</UL>
<P><STRONG><a name="[14]"></a>EINT4_IRQHandler</STRONG> (Thumb, 0 bytes, Stack size 0 bytes, startup_apm32f103xb.o(.text))
<BR>[Address Reference Count : 1]<UL><LI> startup_apm32f103xb.o(RESET)
</UL>
<P><STRONG><a name="[21]"></a>EINT9_5_IRQHandler</STRONG> (Thumb, 0 bytes, Stack size 0 bytes, startup_apm32f103xb.o(.text))
<BR>[Address Reference Count : 1]<UL><LI> startup_apm32f103xb.o(RESET)
</UL>
<P><STRONG><a name="[e]"></a>FLASH_IRQHandler</STRONG> (Thumb, 0 bytes, Stack size 0 bytes, startup_apm32f103xb.o(.text))
<BR>[Address Reference Count : 1]<UL><LI> startup_apm32f103xb.o(RESET)
</UL>
<P><STRONG><a name="[35]"></a>FPU_IRQHandler</STRONG> (Thumb, 0 bytes, Stack size 0 bytes, startup_apm32f103xb.o(.text))
<BR>[Address Reference Count : 1]<UL><LI> startup_apm32f103xb.o(RESET)
</UL>
<P><STRONG><a name="[2a]"></a>I2C1_ER_IRQHandler</STRONG> (Thumb, 0 bytes, Stack size 0 bytes, startup_apm32f103xb.o(.text))
<BR>[Address Reference Count : 1]<UL><LI> startup_apm32f103xb.o(RESET)
</UL>
<P><STRONG><a name="[29]"></a>I2C1_EV_IRQHandler</STRONG> (Thumb, 0 bytes, Stack size 0 bytes, startup_apm32f103xb.o(.text))
<BR>[Address Reference Count : 1]<UL><LI> startup_apm32f103xb.o(RESET)
</UL>
<P><STRONG><a name="[2c]"></a>I2C2_ER_IRQHandler</STRONG> (Thumb, 0 bytes, Stack size 0 bytes, startup_apm32f103xb.o(.text))
<BR>[Address Reference Count : 1]<UL><LI> startup_apm32f103xb.o(RESET)
</UL>
<P><STRONG><a name="[2b]"></a>I2C2_EV_IRQHandler</STRONG> (Thumb, 0 bytes, Stack size 0 bytes, startup_apm32f103xb.o(.text))
<BR>[Address Reference Count : 1]<UL><LI> startup_apm32f103xb.o(RESET)
</UL>
<P><STRONG><a name="[b]"></a>PVD_IRQHandler</STRONG> (Thumb, 0 bytes, Stack size 0 bytes, startup_apm32f103xb.o(.text))
<BR>[Address Reference Count : 1]<UL><LI> startup_apm32f103xb.o(RESET)
</UL>
<P><STRONG><a name="[36]"></a>QSPI_IRQHandler</STRONG> (Thumb, 0 bytes, Stack size 0 bytes, startup_apm32f103xb.o(.text))
<BR>[Address Reference Count : 1]<UL><LI> startup_apm32f103xb.o(RESET)
</UL>
<P><STRONG><a name="[f]"></a>RCM_IRQHandler</STRONG> (Thumb, 0 bytes, Stack size 0 bytes, startup_apm32f103xb.o(.text))
<BR>[Address Reference Count : 1]<UL><LI> startup_apm32f103xb.o(RESET)
</UL>
<P><STRONG><a name="[33]"></a>RTCAlarm_IRQHandler</STRONG> (Thumb, 0 bytes, Stack size 0 bytes, startup_apm32f103xb.o(.text))
<BR>[Address Reference Count : 1]<UL><LI> startup_apm32f103xb.o(RESET)
</UL>
<P><STRONG><a name="[d]"></a>RTC_IRQHandler</STRONG> (Thumb, 0 bytes, Stack size 0 bytes, startup_apm32f103xb.o(.text))
<BR>[Address Reference Count : 1]<UL><LI> startup_apm32f103xb.o(RESET)
</UL>
<P><STRONG><a name="[2d]"></a>SPI1_IRQHandler</STRONG> (Thumb, 0 bytes, Stack size 0 bytes, startup_apm32f103xb.o(.text))
<BR>[Address Reference Count : 1]<UL><LI> startup_apm32f103xb.o(RESET)
</UL>
<P><STRONG><a name="[2e]"></a>SPI2_IRQHandler</STRONG> (Thumb, 0 bytes, Stack size 0 bytes, startup_apm32f103xb.o(.text))
<BR>[Address Reference Count : 1]<UL><LI> startup_apm32f103xb.o(RESET)
</UL>
<P><STRONG><a name="[c]"></a>TAMPER_IRQHandler</STRONG> (Thumb, 0 bytes, Stack size 0 bytes, startup_apm32f103xb.o(.text))
<BR>[Address Reference Count : 1]<UL><LI> startup_apm32f103xb.o(RESET)
</UL>
<P><STRONG><a name="[22]"></a>TMR1_BRK_IRQHandler</STRONG> (Thumb, 0 bytes, Stack size 0 bytes, startup_apm32f103xb.o(.text))
<BR>[Address Reference Count : 1]<UL><LI> startup_apm32f103xb.o(RESET)
</UL>
<P><STRONG><a name="[25]"></a>TMR1_CC_IRQHandler</STRONG> (Thumb, 0 bytes, Stack size 0 bytes, startup_apm32f103xb.o(.text))
<BR>[Address Reference Count : 1]<UL><LI> startup_apm32f103xb.o(RESET)
</UL>
<P><STRONG><a name="[24]"></a>TMR1_TRG_COM_IRQHandler</STRONG> (Thumb, 0 bytes, Stack size 0 bytes, startup_apm32f103xb.o(.text))
<BR>[Address Reference Count : 1]<UL><LI> startup_apm32f103xb.o(RESET)
</UL>
<P><STRONG><a name="[23]"></a>TMR1_UP_IRQHandler</STRONG> (Thumb, 0 bytes, Stack size 0 bytes, startup_apm32f103xb.o(.text))
<BR>[Address Reference Count : 1]<UL><LI> startup_apm32f103xb.o(RESET)
</UL>
<P><STRONG><a name="[26]"></a>TMR2_IRQHandler</STRONG> (Thumb, 0 bytes, Stack size 0 bytes, startup_apm32f103xb.o(.text))
<BR>[Address Reference Count : 1]<UL><LI> startup_apm32f103xb.o(RESET)
</UL>
<P><STRONG><a name="[27]"></a>TMR3_IRQHandler</STRONG> (Thumb, 0 bytes, Stack size 0 bytes, startup_apm32f103xb.o(.text))
<BR>[Address Reference Count : 1]<UL><LI> startup_apm32f103xb.o(RESET)
</UL>
<P><STRONG><a name="[28]"></a>TMR4_IRQHandler</STRONG> (Thumb, 0 bytes, Stack size 0 bytes, startup_apm32f103xb.o(.text))
<BR>[Address Reference Count : 1]<UL><LI> startup_apm32f103xb.o(RESET)
</UL>
<P><STRONG><a name="[30]"></a>USART2_IRQHandler</STRONG> (Thumb, 0 bytes, Stack size 0 bytes, startup_apm32f103xb.o(.text))
<BR>[Address Reference Count : 1]<UL><LI> startup_apm32f103xb.o(RESET)
</UL>
<P><STRONG><a name="[31]"></a>USART3_IRQHandler</STRONG> (Thumb, 0 bytes, Stack size 0 bytes, startup_apm32f103xb.o(.text))
<BR>[Address Reference Count : 1]<UL><LI> startup_apm32f103xb.o(RESET)
</UL>
<P><STRONG><a name="[1d]"></a>USBD1_HP_CAN1_TX_IRQHandler</STRONG> (Thumb, 0 bytes, Stack size 0 bytes, startup_apm32f103xb.o(.text))
<BR>[Address Reference Count : 1]<UL><LI> startup_apm32f103xb.o(RESET)
</UL>
<P><STRONG><a name="[1e]"></a>USBD1_LP_CAN1_RX0_IRQHandler</STRONG> (Thumb, 0 bytes, Stack size 0 bytes, startup_apm32f103xb.o(.text))
<BR>[Address Reference Count : 1]<UL><LI> startup_apm32f103xb.o(RESET)
</UL>
<P><STRONG><a name="[37]"></a>USBD2_HP_IRQHandler</STRONG> (Thumb, 0 bytes, Stack size 0 bytes, startup_apm32f103xb.o(.text))
<BR>[Address Reference Count : 1]<UL><LI> startup_apm32f103xb.o(RESET)
</UL>
<P><STRONG><a name="[38]"></a>USBD2_LP_IRQHandler</STRONG> (Thumb, 0 bytes, Stack size 0 bytes, startup_apm32f103xb.o(.text))
<BR>[Address Reference Count : 1]<UL><LI> startup_apm32f103xb.o(RESET)
</UL>
<P><STRONG><a name="[34]"></a>USBDWakeUp_IRQHandler</STRONG> (Thumb, 0 bytes, Stack size 0 bytes, startup_apm32f103xb.o(.text))
<BR>[Address Reference Count : 1]<UL><LI> startup_apm32f103xb.o(RESET)
</UL>
<P><STRONG><a name="[a]"></a>WWDT_IRQHandler</STRONG> (Thumb, 0 bytes, Stack size 0 bytes, startup_apm32f103xb.o(.text))
<BR>[Address Reference Count : 1]<UL><LI> startup_apm32f103xb.o(RESET)
</UL>
<P><STRONG><a name="[3f]"></a>__scatterload</STRONG> (Thumb, 28 bytes, Stack size 0 bytes, init.o(.text))
<BR><BR>[Calls]<UL><LI><a href="#[40]">&gt;&gt;</a>&nbsp;&nbsp;&nbsp;__main_after_scatterload
</UL>
<BR>[Called By]<UL><LI><a href="#[3e]">&gt;&gt;</a>&nbsp;&nbsp;&nbsp;_main_scatterload
</UL>

<P><STRONG><a name="[b8]"></a>__scatterload_rt2</STRONG> (Thumb, 0 bytes, Stack size 0 bytes, init.o(.text), UNUSED)

<P><STRONG><a name="[4]"></a>BusFault_Handler</STRONG> (Thumb, 2 bytes, Stack size 0 bytes, apm32f10x_int.o(i.BusFault_Handler))
<BR><BR>[Calls]<UL><LI><a href="#[4]">&gt;&gt;</a>&nbsp;&nbsp;&nbsp;BusFault_Handler
</UL>
<BR>[Called By]<UL><LI><a href="#[4]">&gt;&gt;</a>&nbsp;&nbsp;&nbsp;BusFault_Handler
</UL>
<BR>[Address Reference Count : 1]<UL><LI> startup_apm32f103xb.o(RESET)
</UL>
<P><STRONG><a name="[4a]"></a>DMA_ClearStatusFlag</STRONG> (Thumb, 6 bytes, Stack size 0 bytes, apm32f10x_dma.o(i.DMA_ClearStatusFlag))
<BR><BR>[Called By]<UL><LI><a href="#[ae]">&gt;&gt;</a>&nbsp;&nbsp;&nbsp;uart1_Init
<LI><a href="#[87]">&gt;&gt;</a>&nbsp;&nbsp;&nbsp;SPI_DMA_Transfer
<LI><a href="#[88]">&gt;&gt;</a>&nbsp;&nbsp;&nbsp;SPI_DMA_StartAsync
<LI><a href="#[61]">&gt;&gt;</a>&nbsp;&nbsp;&nbsp;SPI_Init
<LI><a href="#[45]">&gt;&gt;</a>&nbsp;&nbsp;&nbsp;Encoder_485_Senddata
</UL>

<P><STRONG><a name="[a5]"></a>DMA_Config</STRONG> (Thumb, 94 bytes, Stack size 0 bytes, apm32f10x_dma.o(i.DMA_Config))
<BR><BR>[Called By]<UL><LI><a href="#[ae]">&gt;&gt;</a>&nbsp;&nbsp;&nbsp;uart1_Init
<LI><a href="#[61]">&gt;&gt;</a>&nbsp;&nbsp;&nbsp;SPI_Init
</UL>

<P><STRONG><a name="[9d]"></a>DMA_ConfigDataNumber</STRONG> (Thumb, 4 bytes, Stack size 0 bytes, apm32f10x_dma.o(i.DMA_ConfigDataNumber))
<BR><BR>[Called By]<UL><LI><a href="#[48]">&gt;&gt;</a>&nbsp;&nbsp;&nbsp;UART1_DMASendByte
<LI><a href="#[87]">&gt;&gt;</a>&nbsp;&nbsp;&nbsp;SPI_DMA_Transfer
<LI><a href="#[88]">&gt;&gt;</a>&nbsp;&nbsp;&nbsp;SPI_DMA_StartAsync
</UL>

<P><STRONG><a name="[a4]"></a>DMA_ConfigStructInit</STRONG> (Thumb, 26 bytes, Stack size 0 bytes, apm32f10x_dma.o(i.DMA_ConfigStructInit))
<BR><BR>[Called By]<UL><LI><a href="#[ae]">&gt;&gt;</a>&nbsp;&nbsp;&nbsp;uart1_Init
<LI><a href="#[61]">&gt;&gt;</a>&nbsp;&nbsp;&nbsp;SPI_Init
</UL>

<P><STRONG><a name="[9b]"></a>DMA_Disable</STRONG> (Thumb, 10 bytes, Stack size 0 bytes, apm32f10x_dma.o(i.DMA_Disable))
<BR><BR>[Called By]<UL><LI><a href="#[48]">&gt;&gt;</a>&nbsp;&nbsp;&nbsp;UART1_DMASendByte
<LI><a href="#[ae]">&gt;&gt;</a>&nbsp;&nbsp;&nbsp;uart1_Init
<LI><a href="#[87]">&gt;&gt;</a>&nbsp;&nbsp;&nbsp;SPI_DMA_Transfer
<LI><a href="#[88]">&gt;&gt;</a>&nbsp;&nbsp;&nbsp;SPI_DMA_StartAsync
<LI><a href="#[61]">&gt;&gt;</a>&nbsp;&nbsp;&nbsp;SPI_Init
<LI><a href="#[69]">&gt;&gt;</a>&nbsp;&nbsp;&nbsp;SPI_DMA_Finish
</UL>

<P><STRONG><a name="[9e]"></a>DMA_Enable</STRONG> (Thumb, 10 bytes, Stack size 0 bytes, apm32f10x_dma.o(i.DMA_Enable))
<BR><BR>[Called By]<UL><LI><a href="#[48]">&gt;&gt;</a>&nbsp;&nbsp;&nbsp;UART1_DMASendByte
<LI><a href="#[87]">&gt;&gt;</a>&nbsp;&nbsp;&nbsp;SPI_DMA_Transfer
<LI><a href="#[88]">&gt;&gt;</a>&nbsp;&nbsp;&nbsp;SPI_DMA_StartAsync
</UL>

<P><STRONG><a name="[49]"></a>DMA_ReadStatusFlag</STRONG> (Thumb, 16 bytes, Stack size 0 bytes, apm32f10x_dma.o(i.DMA_ReadStatusFlag))
<BR><BR>[Called By]<UL><LI><a href="#[87]">&gt;&gt;</a>&nbsp;&nbsp;&nbsp;SPI_DMA_Transfer
<LI><a href="#[52]">&gt;&gt;</a>&nbsp;&nbsp;&nbsp;SPI_DMA_IsDone
<LI><a href="#[45]">&gt;&gt;</a>&nbsp;&nbsp;&nbsp;Encoder_485_Senddata
</UL>

<P><STRONG><a name="[7]"></a>DebugMon_Handler</STRONG> (Thumb, 2 bytes, Stack size 0 bytes, apm32f10x_int.o(i.DebugMon_Handler))
<BR>[Address Reference Count : 1]<UL><LI> startup_apm32f103xb.o(RESET)
</UL>
<P><STRONG><a name="[83]"></a>Delay_ms</STRONG> (Thumb, 12 bytes, Stack size 0 bytes, rcm.o(i.Delay_ms))
<BR><BR>[Called By]<UL><LI><a href="#[68]">&gt;&gt;</a>&nbsp;&nbsp;&nbsp;KTM52_SlowSelfCorrection
<LI><a href="#[67]">&gt;&gt;</a>&nbsp;&nbsp;&nbsp;KTM52_FastSelfCorrection
</UL>

<P><STRONG><a name="[45]"></a>Encoder_485_Senddata</STRONG> (Thumb, 114 bytes, Stack size 24 bytes, 485.o(i.Encoder_485_Senddata))
<BR><BR>[Stack]<UL><LI>Max Depth = 40<LI>Call Chain = Encoder_485_Senddata &rArr; UART1_DMASendByte
</UL>
<BR>[Calls]<UL><LI><a href="#[49]">&gt;&gt;</a>&nbsp;&nbsp;&nbsp;DMA_ReadStatusFlag
<LI><a href="#[4a]">&gt;&gt;</a>&nbsp;&nbsp;&nbsp;DMA_ClearStatusFlag
<LI><a href="#[48]">&gt;&gt;</a>&nbsp;&nbsp;&nbsp;UART1_DMASendByte
<LI><a href="#[4e]">&gt;&gt;</a>&nbsp;&nbsp;&nbsp;Encoder_ResetRx
<LI><a href="#[4c]">&gt;&gt;</a>&nbsp;&nbsp;&nbsp;USART_RxData
<LI><a href="#[4b]">&gt;&gt;</a>&nbsp;&nbsp;&nbsp;USART_ReadStatusFlag
<LI><a href="#[4f]">&gt;&gt;</a>&nbsp;&nbsp;&nbsp;USART_EnableInterrupt
<LI><a href="#[46]">&gt;&gt;</a>&nbsp;&nbsp;&nbsp;USART_DisableInterrupt
<LI><a href="#[4d]">&gt;&gt;</a>&nbsp;&nbsp;&nbsp;USART_ClearIntFlag
<LI><a href="#[47]">&gt;&gt;</a>&nbsp;&nbsp;&nbsp;Encoder_SetDirection
</UL>
<BR>[Called By]<UL><LI><a href="#[5c]">&gt;&gt;</a>&nbsp;&nbsp;&nbsp;Encoder_HandleFrameISR
<LI><a href="#[66]">&gt;&gt;</a>&nbsp;&nbsp;&nbsp;Encoder_ProcessRx
</UL>

<P><STRONG><a name="[50]"></a>Encoder_AnglePoll</STRONG> (Thumb, 210 bytes, Stack size 24 bytes, 485.o(i.Encoder_AnglePoll))
<BR><BR>[Stack]<UL><LI>Max Depth = 96<LI>Call Chain = Encoder_AnglePoll &rArr; KTM52_SetZero &rArr; KTM52_WriteReg &rArr; KTM52_ReadReg &rArr; KTM52_SPI_TransmitReceive &rArr; SPI_DMA_Transfer
</UL>
<BR>[Calls]<UL><LI><a href="#[54]">&gt;&gt;</a>&nbsp;&nbsp;&nbsp;GPIO_ReadInputBit
<LI><a href="#[59]">&gt;&gt;</a>&nbsp;&nbsp;&nbsp;Encoder_PrepareResponses
<LI><a href="#[42]">&gt;&gt;</a>&nbsp;&nbsp;&nbsp;EE_IsDirty
<LI><a href="#[41]">&gt;&gt;</a>&nbsp;&nbsp;&nbsp;EE_ClrDirty
<LI><a href="#[56]">&gt;&gt;</a>&nbsp;&nbsp;&nbsp;millis
<LI><a href="#[52]">&gt;&gt;</a>&nbsp;&nbsp;&nbsp;SPI_DMA_IsDone
<LI><a href="#[55]">&gt;&gt;</a>&nbsp;&nbsp;&nbsp;KTM52_StartAngle
<LI><a href="#[51]">&gt;&gt;</a>&nbsp;&nbsp;&nbsp;KTM52_SetZero
<LI><a href="#[53]">&gt;&gt;</a>&nbsp;&nbsp;&nbsp;KTM52_FinishAngle
<LI><a href="#[58]">&gt;&gt;</a>&nbsp;&nbsp;&nbsp;I2C_MemWrite
<LI><a href="#[57]">&gt;&gt;</a>&nbsp;&nbsp;&nbsp;I2C_IsDeviceReady
</UL>
<BR>[Called By]<UL><LI><a href="#[3b]">&gt;&gt;</a>&nbsp;&nbsp;&nbsp;main
</UL>

<P><STRONG><a name="[5d]"></a>Encoder_CalcCRC8</STRONG> (Thumb, 34 bytes, Stack size 8 bytes, 485.o(i.Encoder_CalcCRC8))
<BR><BR>[Stack]<UL><LI>Max Depth = 8<LI>Call Chain = Encoder_CalcCRC8
</UL>
<BR>[Called By]<UL><LI><a href="#[59]">&gt;&gt;</a>&nbsp;&nbsp;&nbsp;Encoder_PrepareResponses
<LI><a href="#[5c]">&gt;&gt;</a>&nbsp;&nbsp;&nbsp;Encoder_HandleFrameISR
<LI><a href="#[66]">&gt;&gt;</a>&nbsp;&nbsp;&nbsp;Encoder_ProcessRx
</UL>

<P><STRONG><a name="[5a]"></a>Encoder_EEPROM_Load</STRONG> (Thumb, 36 bytes, Stack size 8 bytes, 485.o(i.Encoder_EEPROM_Load))
<BR><BR>[Stack]<UL><LI>Max Depth = 64<LI>Call Chain = Encoder_EEPROM_Load &rArr; GT24C64A_ReadBytes &rArr; I2C_MemRead &rArr; I2C_WaitEvent
</UL>
<BR>[Calls]<UL><LI><a href="#[5b]">&gt;&gt;</a>&nbsp;&nbsp;&nbsp;GT24C64A_ReadBytes
</UL>
<BR>[Called By]<UL><LI><a href="#[60]">&gt;&gt;</a>&nbsp;&nbsp;&nbsp;Encoder_Init
</UL>

<P><STRONG><a name="[a8]"></a>Encoder_GetTxID0</STRONG> (Thumb, 4 bytes, Stack size 0 bytes, 485.o(i.Encoder_GetTxID0))
<BR><BR>[Called By]<UL><LI><a href="#[2f]">&gt;&gt;</a>&nbsp;&nbsp;&nbsp;USART1_IRQHandler
</UL>

<P><STRONG><a name="[a9]"></a>Encoder_GetTxID3</STRONG> (Thumb, 4 bytes, Stack size 0 bytes, 485.o(i.Encoder_GetTxID3))
<BR><BR>[Called By]<UL><LI><a href="#[2f]">&gt;&gt;</a>&nbsp;&nbsp;&nbsp;USART1_IRQHandler
</UL>

<P><STRONG><a name="[5c]"></a>Encoder_HandleFrameISR</STRONG> (Thumb, 502 bytes, Stack size 32 bytes, 485.o(i.Encoder_HandleFrameISR))
<BR><BR>[Stack]<UL><LI>Max Depth = 72<LI>Call Chain = Encoder_HandleFrameISR &rArr; Encoder_485_Senddata &rArr; UART1_DMASendByte
</UL>
<BR>[Calls]<UL><LI><a href="#[5e]">&gt;&gt;</a>&nbsp;&nbsp;&nbsp;Encoder_AbsSplit
<LI><a href="#[44]">&gt;&gt;</a>&nbsp;&nbsp;&nbsp;EE_WriteOne
<LI><a href="#[5f]">&gt;&gt;</a>&nbsp;&nbsp;&nbsp;EE_ReadOne
<LI><a href="#[5d]">&gt;&gt;</a>&nbsp;&nbsp;&nbsp;Encoder_CalcCRC8
<LI><a href="#[45]">&gt;&gt;</a>&nbsp;&nbsp;&nbsp;Encoder_485_Senddata
</UL>
<BR>[Called By]<UL><LI><a href="#[2f]">&gt;&gt;</a>&nbsp;&nbsp;&nbsp;USART1_IRQHandler
</UL>

<P><STRONG><a name="[60]"></a>Encoder_Init</STRONG> (Thumb, 82 bytes, Stack size 8 bytes, 485.o(i.Encoder_Init))
<BR><BR>[Stack]<UL><LI>Max Depth = 108<LI>Call Chain = Encoder_Init &rArr; SPI_Init &rArr; GPIO_Config
</UL>
<BR>[Calls]<UL><LI><a href="#[65]">&gt;&gt;</a>&nbsp;&nbsp;&nbsp;GPIO_Config
<LI><a href="#[64]">&gt;&gt;</a>&nbsp;&nbsp;&nbsp;RCM_EnableAPB2PeriphClock
<LI><a href="#[59]">&gt;&gt;</a>&nbsp;&nbsp;&nbsp;Encoder_PrepareResponses
<LI><a href="#[61]">&gt;&gt;</a>&nbsp;&nbsp;&nbsp;SPI_Init
<LI><a href="#[63]">&gt;&gt;</a>&nbsp;&nbsp;&nbsp;KTM52_UnlockReg
<LI><a href="#[62]">&gt;&gt;</a>&nbsp;&nbsp;&nbsp;GT24C64A_Init
<LI><a href="#[5a]">&gt;&gt;</a>&nbsp;&nbsp;&nbsp;Encoder_EEPROM_Load
</UL>
<BR>[Called By]<UL><LI><a href="#[3b]">&gt;&gt;</a>&nbsp;&nbsp;&nbsp;main
</UL>

<P><STRONG><a name="[66]"></a>Encoder_ProcessRx</STRONG> (Thumb, 672 bytes, Stack size 40 bytes, 485.o(i.Encoder_ProcessRx))
<BR><BR>[Stack]<UL><LI>Max Depth = 120<LI>Call Chain = Encoder_ProcessRx &rArr; KTM52_UnlockReg &rArr; KTM52_WriteReg &rArr; KTM52_ReadReg &rArr; KTM52_SPI_TransmitReceive &rArr; SPI_DMA_Transfer
</UL>
<BR>[Calls]<UL><LI><a href="#[52]">&gt;&gt;</a>&nbsp;&nbsp;&nbsp;SPI_DMA_IsDone
<LI><a href="#[69]">&gt;&gt;</a>&nbsp;&nbsp;&nbsp;SPI_DMA_Finish
<LI><a href="#[6b]">&gt;&gt;</a>&nbsp;&nbsp;&nbsp;KTM52_WriteReg
<LI><a href="#[63]">&gt;&gt;</a>&nbsp;&nbsp;&nbsp;KTM52_UnlockReg
<LI><a href="#[68]">&gt;&gt;</a>&nbsp;&nbsp;&nbsp;KTM52_SlowSelfCorrection
<LI><a href="#[6c]">&gt;&gt;</a>&nbsp;&nbsp;&nbsp;KTM52_ReadRegRaw
<LI><a href="#[6a]">&gt;&gt;</a>&nbsp;&nbsp;&nbsp;KTM52_ReadReg
<LI><a href="#[67]">&gt;&gt;</a>&nbsp;&nbsp;&nbsp;KTM52_FastSelfCorrection
<LI><a href="#[5d]">&gt;&gt;</a>&nbsp;&nbsp;&nbsp;Encoder_CalcCRC8
<LI><a href="#[45]">&gt;&gt;</a>&nbsp;&nbsp;&nbsp;Encoder_485_Senddata
</UL>
<BR>[Called By]<UL><LI><a href="#[3b]">&gt;&gt;</a>&nbsp;&nbsp;&nbsp;main
</UL>

<P><STRONG><a name="[4e]"></a>Encoder_ResetRx</STRONG> (Thumb, 16 bytes, Stack size 0 bytes, uart.o(i.Encoder_ResetRx))
<BR><BR>[Called By]<UL><LI><a href="#[45]">&gt;&gt;</a>&nbsp;&nbsp;&nbsp;Encoder_485_Senddata
</UL>

<P><STRONG><a name="[47]"></a>Encoder_SetDirection</STRONG> (Thumb, 50 bytes, Stack size 16 bytes, 485.o(i.Encoder_SetDirection))
<BR><BR>[Stack]<UL><LI>Max Depth = 16<LI>Call Chain = Encoder_SetDirection
</UL>
<BR>[Calls]<UL><LI><a href="#[6e]">&gt;&gt;</a>&nbsp;&nbsp;&nbsp;GPIO_SetBit
<LI><a href="#[6d]">&gt;&gt;</a>&nbsp;&nbsp;&nbsp;GPIO_ResetBit
</UL>
<BR>[Called By]<UL><LI><a href="#[45]">&gt;&gt;</a>&nbsp;&nbsp;&nbsp;Encoder_485_Senddata
</UL>

<P><STRONG><a name="[92]"></a>FMC_ConfigLatency</STRONG> (Thumb, 12 bytes, Stack size 0 bytes, apm32f10x_fmc.o(i.FMC_ConfigLatency))
<BR><BR>[Called By]<UL><LI><a href="#[8d]">&gt;&gt;</a>&nbsp;&nbsp;&nbsp;REM_HSE_Confing
</UL>

<P><STRONG><a name="[91]"></a>FMC_EnablePrefetchBuffer</STRONG> (Thumb, 12 bytes, Stack size 0 bytes, apm32f10x_fmc.o(i.FMC_EnablePrefetchBuffer))
<BR><BR>[Called By]<UL><LI><a href="#[8d]">&gt;&gt;</a>&nbsp;&nbsp;&nbsp;REM_HSE_Confing
</UL>

<P><STRONG><a name="[65]"></a>GPIO_Config</STRONG> (Thumb, 164 bytes, Stack size 20 bytes, apm32f10x_gpio.o(i.GPIO_Config))
<BR><BR>[Stack]<UL><LI>Max Depth = 20<LI>Call Chain = GPIO_Config
</UL>
<BR>[Called By]<UL><LI><a href="#[ae]">&gt;&gt;</a>&nbsp;&nbsp;&nbsp;uart1_Init
<LI><a href="#[60]">&gt;&gt;</a>&nbsp;&nbsp;&nbsp;Encoder_Init
<LI><a href="#[6f]">&gt;&gt;</a>&nbsp;&nbsp;&nbsp;I2C_Init
<LI><a href="#[61]">&gt;&gt;</a>&nbsp;&nbsp;&nbsp;SPI_Init
</UL>

<P><STRONG><a name="[54]"></a>GPIO_ReadInputBit</STRONG> (Thumb, 14 bytes, Stack size 0 bytes, apm32f10x_gpio.o(i.GPIO_ReadInputBit))
<BR><BR>[Called By]<UL><LI><a href="#[50]">&gt;&gt;</a>&nbsp;&nbsp;&nbsp;Encoder_AnglePoll
</UL>

<P><STRONG><a name="[6d]"></a>GPIO_ResetBit</STRONG> (Thumb, 4 bytes, Stack size 0 bytes, apm32f10x_gpio.o(i.GPIO_ResetBit))
<BR><BR>[Called By]<UL><LI><a href="#[87]">&gt;&gt;</a>&nbsp;&nbsp;&nbsp;SPI_DMA_Transfer
<LI><a href="#[88]">&gt;&gt;</a>&nbsp;&nbsp;&nbsp;SPI_DMA_StartAsync
<LI><a href="#[47]">&gt;&gt;</a>&nbsp;&nbsp;&nbsp;Encoder_SetDirection
</UL>

<P><STRONG><a name="[6e]"></a>GPIO_SetBit</STRONG> (Thumb, 4 bytes, Stack size 0 bytes, apm32f10x_gpio.o(i.GPIO_SetBit))
<BR><BR>[Called By]<UL><LI><a href="#[87]">&gt;&gt;</a>&nbsp;&nbsp;&nbsp;SPI_DMA_Transfer
<LI><a href="#[61]">&gt;&gt;</a>&nbsp;&nbsp;&nbsp;SPI_Init
<LI><a href="#[69]">&gt;&gt;</a>&nbsp;&nbsp;&nbsp;SPI_DMA_Finish
<LI><a href="#[47]">&gt;&gt;</a>&nbsp;&nbsp;&nbsp;Encoder_SetDirection
</UL>

<P><STRONG><a name="[62]"></a>GT24C64A_Init</STRONG> (Thumb, 6 bytes, Stack size 0 bytes, gt24c64a.o(i.GT24C64A_Init))
<BR><BR>[Stack]<UL><LI>Max Depth = 96<LI>Call Chain = GT24C64A_Init &rArr; I2C_Init &rArr; I2C_Config &rArr; RCM_ReadPCLKFreq &rArr; RCM_ReadHCLKFreq
</UL>
<BR>[Calls]<UL><LI><a href="#[6f]">&gt;&gt;</a>&nbsp;&nbsp;&nbsp;I2C_Init
</UL>
<BR>[Called By]<UL><LI><a href="#[60]">&gt;&gt;</a>&nbsp;&nbsp;&nbsp;Encoder_Init
</UL>

<P><STRONG><a name="[5b]"></a>GT24C64A_ReadBytes</STRONG> (Thumb, 34 bytes, Stack size 8 bytes, gt24c64a.o(i.GT24C64A_ReadBytes))
<BR><BR>[Stack]<UL><LI>Max Depth = 56<LI>Call Chain = GT24C64A_ReadBytes &rArr; I2C_MemRead &rArr; I2C_WaitEvent
</UL>
<BR>[Calls]<UL><LI><a href="#[70]">&gt;&gt;</a>&nbsp;&nbsp;&nbsp;I2C_MemRead
</UL>
<BR>[Called By]<UL><LI><a href="#[5a]">&gt;&gt;</a>&nbsp;&nbsp;&nbsp;Encoder_EEPROM_Load
</UL>

<P><STRONG><a name="[2]"></a>HardFault_Handler</STRONG> (Thumb, 2 bytes, Stack size 0 bytes, apm32f10x_int.o(i.HardFault_Handler))
<BR><BR>[Calls]<UL><LI><a href="#[2]">&gt;&gt;</a>&nbsp;&nbsp;&nbsp;HardFault_Handler
</UL>
<BR>[Called By]<UL><LI><a href="#[2]">&gt;&gt;</a>&nbsp;&nbsp;&nbsp;HardFault_Handler
</UL>
<BR>[Address Reference Count : 1]<UL><LI> startup_apm32f103xb.o(RESET)
</UL>
<P><STRONG><a name="[81]"></a>I2C_ClearStatusFlag</STRONG> (Thumb, 88 bytes, Stack size 0 bytes, apm32f10x_i2c.o(i.I2C_ClearStatusFlag))
<BR><BR>[Called By]<UL><LI><a href="#[78]">&gt;&gt;</a>&nbsp;&nbsp;&nbsp;I2C_WaitEvent
</UL>

<P><STRONG><a name="[71]"></a>I2C_Config</STRONG> (Thumb, 220 bytes, Stack size 24 bytes, apm32f10x_i2c.o(i.I2C_Config))
<BR><BR>[Stack]<UL><LI>Max Depth = 64<LI>Call Chain = I2C_Config &rArr; RCM_ReadPCLKFreq &rArr; RCM_ReadHCLKFreq
</UL>
<BR>[Calls]<UL><LI><a href="#[72]">&gt;&gt;</a>&nbsp;&nbsp;&nbsp;RCM_ReadPCLKFreq
</UL>
<BR>[Called By]<UL><LI><a href="#[6f]">&gt;&gt;</a>&nbsp;&nbsp;&nbsp;I2C_Init
</UL>

<P><STRONG><a name="[7d]"></a>I2C_DisableAcknowledge</STRONG> (Thumb, 10 bytes, Stack size 0 bytes, apm32f10x_i2c.o(i.I2C_DisableAcknowledge))
<BR><BR>[Called By]<UL><LI><a href="#[70]">&gt;&gt;</a>&nbsp;&nbsp;&nbsp;I2C_MemRead
</UL>

<P><STRONG><a name="[75]"></a>I2C_Enable</STRONG> (Thumb, 10 bytes, Stack size 0 bytes, apm32f10x_i2c.o(i.I2C_Enable))
<BR><BR>[Called By]<UL><LI><a href="#[6f]">&gt;&gt;</a>&nbsp;&nbsp;&nbsp;I2C_Init
</UL>

<P><STRONG><a name="[76]"></a>I2C_EnableAcknowledge</STRONG> (Thumb, 10 bytes, Stack size 0 bytes, apm32f10x_i2c.o(i.I2C_EnableAcknowledge))
<BR><BR>[Called By]<UL><LI><a href="#[70]">&gt;&gt;</a>&nbsp;&nbsp;&nbsp;I2C_MemRead
<LI><a href="#[57]">&gt;&gt;</a>&nbsp;&nbsp;&nbsp;I2C_IsDeviceReady
</UL>

<P><STRONG><a name="[77]"></a>I2C_EnableGenerateStart</STRONG> (Thumb, 10 bytes, Stack size 0 bytes, apm32f10x_i2c.o(i.I2C_EnableGenerateStart))
<BR><BR>[Called By]<UL><LI><a href="#[70]">&gt;&gt;</a>&nbsp;&nbsp;&nbsp;I2C_MemRead
<LI><a href="#[58]">&gt;&gt;</a>&nbsp;&nbsp;&nbsp;I2C_MemWrite
<LI><a href="#[57]">&gt;&gt;</a>&nbsp;&nbsp;&nbsp;I2C_IsDeviceReady
</UL>

<P><STRONG><a name="[79]"></a>I2C_EnableGenerateStop</STRONG> (Thumb, 10 bytes, Stack size 0 bytes, apm32f10x_i2c.o(i.I2C_EnableGenerateStop))
<BR><BR>[Called By]<UL><LI><a href="#[70]">&gt;&gt;</a>&nbsp;&nbsp;&nbsp;I2C_MemRead
<LI><a href="#[58]">&gt;&gt;</a>&nbsp;&nbsp;&nbsp;I2C_MemWrite
<LI><a href="#[57]">&gt;&gt;</a>&nbsp;&nbsp;&nbsp;I2C_IsDeviceReady
</UL>

<P><STRONG><a name="[6f]"></a>I2C_Init</STRONG> (Thumb, 112 bytes, Stack size 32 bytes, i2c.o(i.I2C_Init))
<BR><BR>[Stack]<UL><LI>Max Depth = 96<LI>Call Chain = I2C_Init &rArr; I2C_Config &rArr; RCM_ReadPCLKFreq &rArr; RCM_ReadHCLKFreq
</UL>
<BR>[Calls]<UL><LI><a href="#[74]">&gt;&gt;</a>&nbsp;&nbsp;&nbsp;I2C_Reset
<LI><a href="#[75]">&gt;&gt;</a>&nbsp;&nbsp;&nbsp;I2C_Enable
<LI><a href="#[71]">&gt;&gt;</a>&nbsp;&nbsp;&nbsp;I2C_Config
<LI><a href="#[65]">&gt;&gt;</a>&nbsp;&nbsp;&nbsp;GPIO_Config
<LI><a href="#[64]">&gt;&gt;</a>&nbsp;&nbsp;&nbsp;RCM_EnableAPB2PeriphClock
<LI><a href="#[73]">&gt;&gt;</a>&nbsp;&nbsp;&nbsp;RCM_EnableAPB1PeriphClock
</UL>
<BR>[Called By]<UL><LI><a href="#[62]">&gt;&gt;</a>&nbsp;&nbsp;&nbsp;GT24C64A_Init
</UL>

<P><STRONG><a name="[57]"></a>I2C_IsDeviceReady</STRONG> (Thumb, 74 bytes, Stack size 16 bytes, i2c.o(i.I2C_IsDeviceReady))
<BR><BR>[Stack]<UL><LI>Max Depth = 32<LI>Call Chain = I2C_IsDeviceReady &rArr; I2C_WaitEvent
</UL>
<BR>[Calls]<UL><LI><a href="#[7a]">&gt;&gt;</a>&nbsp;&nbsp;&nbsp;I2C_Tx7BitAddress
<LI><a href="#[79]">&gt;&gt;</a>&nbsp;&nbsp;&nbsp;I2C_EnableGenerateStop
<LI><a href="#[77]">&gt;&gt;</a>&nbsp;&nbsp;&nbsp;I2C_EnableGenerateStart
<LI><a href="#[76]">&gt;&gt;</a>&nbsp;&nbsp;&nbsp;I2C_EnableAcknowledge
<LI><a href="#[78]">&gt;&gt;</a>&nbsp;&nbsp;&nbsp;I2C_WaitEvent
</UL>
<BR>[Called By]<UL><LI><a href="#[50]">&gt;&gt;</a>&nbsp;&nbsp;&nbsp;Encoder_AnglePoll
</UL>

<P><STRONG><a name="[70]"></a>I2C_MemRead</STRONG> (Thumb, 280 bytes, Stack size 32 bytes, i2c.o(i.I2C_MemRead))
<BR><BR>[Stack]<UL><LI>Max Depth = 48<LI>Call Chain = I2C_MemRead &rArr; I2C_WaitEvent
</UL>
<BR>[Calls]<UL><LI><a href="#[7b]">&gt;&gt;</a>&nbsp;&nbsp;&nbsp;I2C_TxData
<LI><a href="#[7a]">&gt;&gt;</a>&nbsp;&nbsp;&nbsp;I2C_Tx7BitAddress
<LI><a href="#[7c]">&gt;&gt;</a>&nbsp;&nbsp;&nbsp;I2C_RxData
<LI><a href="#[79]">&gt;&gt;</a>&nbsp;&nbsp;&nbsp;I2C_EnableGenerateStop
<LI><a href="#[77]">&gt;&gt;</a>&nbsp;&nbsp;&nbsp;I2C_EnableGenerateStart
<LI><a href="#[76]">&gt;&gt;</a>&nbsp;&nbsp;&nbsp;I2C_EnableAcknowledge
<LI><a href="#[7d]">&gt;&gt;</a>&nbsp;&nbsp;&nbsp;I2C_DisableAcknowledge
<LI><a href="#[78]">&gt;&gt;</a>&nbsp;&nbsp;&nbsp;I2C_WaitEvent
</UL>
<BR>[Called By]<UL><LI><a href="#[5b]">&gt;&gt;</a>&nbsp;&nbsp;&nbsp;GT24C64A_ReadBytes
</UL>

<P><STRONG><a name="[58]"></a>I2C_MemWrite</STRONG> (Thumb, 224 bytes, Stack size 32 bytes, i2c.o(i.I2C_MemWrite))
<BR><BR>[Stack]<UL><LI>Max Depth = 48<LI>Call Chain = I2C_MemWrite &rArr; I2C_WaitEvent
</UL>
<BR>[Calls]<UL><LI><a href="#[7b]">&gt;&gt;</a>&nbsp;&nbsp;&nbsp;I2C_TxData
<LI><a href="#[7a]">&gt;&gt;</a>&nbsp;&nbsp;&nbsp;I2C_Tx7BitAddress
<LI><a href="#[79]">&gt;&gt;</a>&nbsp;&nbsp;&nbsp;I2C_EnableGenerateStop
<LI><a href="#[77]">&gt;&gt;</a>&nbsp;&nbsp;&nbsp;I2C_EnableGenerateStart
<LI><a href="#[78]">&gt;&gt;</a>&nbsp;&nbsp;&nbsp;I2C_WaitEvent
</UL>
<BR>[Called By]<UL><LI><a href="#[50]">&gt;&gt;</a>&nbsp;&nbsp;&nbsp;Encoder_AnglePoll
</UL>

<P><STRONG><a name="[82]"></a>I2C_ReadEventStatus</STRONG> (Thumb, 26 bytes, Stack size 0 bytes, apm32f10x_i2c.o(i.I2C_ReadEventStatus))
<BR><BR>[Called By]<UL><LI><a href="#[78]">&gt;&gt;</a>&nbsp;&nbsp;&nbsp;I2C_WaitEvent
</UL>

<P><STRONG><a name="[80]"></a>I2C_ReadStatusFlag</STRONG> (Thumb, 202 bytes, Stack size 0 bytes, apm32f10x_i2c.o(i.I2C_ReadStatusFlag))
<BR><BR>[Called By]<UL><LI><a href="#[78]">&gt;&gt;</a>&nbsp;&nbsp;&nbsp;I2C_WaitEvent
</UL>

<P><STRONG><a name="[74]"></a>I2C_Reset</STRONG> (Thumb, 48 bytes, Stack size 8 bytes, apm32f10x_i2c.o(i.I2C_Reset))
<BR><BR>[Stack]<UL><LI>Max Depth = 8<LI>Call Chain = I2C_Reset
</UL>
<BR>[Calls]<UL><LI><a href="#[7e]">&gt;&gt;</a>&nbsp;&nbsp;&nbsp;RCM_EnableAPB1PeriphReset
<LI><a href="#[7f]">&gt;&gt;</a>&nbsp;&nbsp;&nbsp;RCM_DisableAPB1PeriphReset
</UL>
<BR>[Called By]<UL><LI><a href="#[6f]">&gt;&gt;</a>&nbsp;&nbsp;&nbsp;I2C_Init
</UL>

<P><STRONG><a name="[7c]"></a>I2C_RxData</STRONG> (Thumb, 6 bytes, Stack size 0 bytes, apm32f10x_i2c.o(i.I2C_RxData))
<BR><BR>[Called By]<UL><LI><a href="#[70]">&gt;&gt;</a>&nbsp;&nbsp;&nbsp;I2C_MemRead
</UL>

<P><STRONG><a name="[7a]"></a>I2C_Tx7BitAddress</STRONG> (Thumb, 32 bytes, Stack size 0 bytes, apm32f10x_i2c.o(i.I2C_Tx7BitAddress))
<BR><BR>[Called By]<UL><LI><a href="#[70]">&gt;&gt;</a>&nbsp;&nbsp;&nbsp;I2C_MemRead
<LI><a href="#[58]">&gt;&gt;</a>&nbsp;&nbsp;&nbsp;I2C_MemWrite
<LI><a href="#[57]">&gt;&gt;</a>&nbsp;&nbsp;&nbsp;I2C_IsDeviceReady
</UL>

<P><STRONG><a name="[7b]"></a>I2C_TxData</STRONG> (Thumb, 10 bytes, Stack size 0 bytes, apm32f10x_i2c.o(i.I2C_TxData))
<BR><BR>[Called By]<UL><LI><a href="#[70]">&gt;&gt;</a>&nbsp;&nbsp;&nbsp;I2C_MemRead
<LI><a href="#[58]">&gt;&gt;</a>&nbsp;&nbsp;&nbsp;I2C_MemWrite
</UL>

<P><STRONG><a name="[85]"></a>KTM52_CalcCRC8</STRONG> (Thumb, 28 bytes, Stack size 12 bytes, ktm52.o(i.KTM52_CalcCRC8))
<BR><BR>[Stack]<UL><LI>Max Depth = 12<LI>Call Chain = KTM52_CalcCRC8
</UL>
<BR>[Called By]<UL><LI><a href="#[84]">&gt;&gt;</a>&nbsp;&nbsp;&nbsp;KTM52_IsCRCSuccess
</UL>

<P><STRONG><a name="[67]"></a>KTM52_FastSelfCorrection</STRONG> (Thumb, 130 bytes, Stack size 8 bytes, ktm52.o(i.KTM52_FastSelfCorrection))
<BR><BR>[Stack]<UL><LI>Max Depth = 80<LI>Call Chain = KTM52_FastSelfCorrection &rArr; KTM52_WriteReg &rArr; KTM52_ReadReg &rArr; KTM52_SPI_TransmitReceive &rArr; SPI_DMA_Transfer
</UL>
<BR>[Calls]<UL><LI><a href="#[83]">&gt;&gt;</a>&nbsp;&nbsp;&nbsp;Delay_ms
<LI><a href="#[6b]">&gt;&gt;</a>&nbsp;&nbsp;&nbsp;KTM52_WriteReg
<LI><a href="#[6c]">&gt;&gt;</a>&nbsp;&nbsp;&nbsp;KTM52_ReadRegRaw
</UL>
<BR>[Called By]<UL><LI><a href="#[66]">&gt;&gt;</a>&nbsp;&nbsp;&nbsp;Encoder_ProcessRx
</UL>

<P><STRONG><a name="[53]"></a>KTM52_FinishAngle</STRONG> (Thumb, 60 bytes, Stack size 16 bytes, ktm52.o(i.KTM52_FinishAngle))
<BR><BR>[Stack]<UL><LI>Max Depth = 40<LI>Call Chain = KTM52_FinishAngle &rArr; KTM52_IsCRCSuccess &rArr; KTM52_CalcCRC8
</UL>
<BR>[Calls]<UL><LI><a href="#[84]">&gt;&gt;</a>&nbsp;&nbsp;&nbsp;KTM52_IsCRCSuccess
<LI><a href="#[52]">&gt;&gt;</a>&nbsp;&nbsp;&nbsp;SPI_DMA_IsDone
<LI><a href="#[69]">&gt;&gt;</a>&nbsp;&nbsp;&nbsp;SPI_DMA_Finish
</UL>
<BR>[Called By]<UL><LI><a href="#[50]">&gt;&gt;</a>&nbsp;&nbsp;&nbsp;Encoder_AnglePoll
</UL>

<P><STRONG><a name="[6a]"></a>KTM52_ReadReg</STRONG> (Thumb, 56 bytes, Stack size 16 bytes, ktm52.o(i.KTM52_ReadReg))
<BR><BR>[Stack]<UL><LI>Max Depth = 48<LI>Call Chain = KTM52_ReadReg &rArr; KTM52_SPI_TransmitReceive &rArr; SPI_DMA_Transfer
</UL>
<BR>[Calls]<UL><LI><a href="#[86]">&gt;&gt;</a>&nbsp;&nbsp;&nbsp;KTM52_SPI_TransmitReceive
<LI><a href="#[84]">&gt;&gt;</a>&nbsp;&nbsp;&nbsp;KTM52_IsCRCSuccess
</UL>
<BR>[Called By]<UL><LI><a href="#[66]">&gt;&gt;</a>&nbsp;&nbsp;&nbsp;Encoder_ProcessRx
<LI><a href="#[6b]">&gt;&gt;</a>&nbsp;&nbsp;&nbsp;KTM52_WriteReg
</UL>

<P><STRONG><a name="[6c]"></a>KTM52_ReadRegRaw</STRONG> (Thumb, 38 bytes, Stack size 16 bytes, ktm52.o(i.KTM52_ReadRegRaw))
<BR><BR>[Stack]<UL><LI>Max Depth = 48<LI>Call Chain = KTM52_ReadRegRaw &rArr; KTM52_SPI_TransmitReceive &rArr; SPI_DMA_Transfer
</UL>
<BR>[Calls]<UL><LI><a href="#[86]">&gt;&gt;</a>&nbsp;&nbsp;&nbsp;KTM52_SPI_TransmitReceive
</UL>
<BR>[Called By]<UL><LI><a href="#[66]">&gt;&gt;</a>&nbsp;&nbsp;&nbsp;Encoder_ProcessRx
<LI><a href="#[63]">&gt;&gt;</a>&nbsp;&nbsp;&nbsp;KTM52_UnlockReg
<LI><a href="#[68]">&gt;&gt;</a>&nbsp;&nbsp;&nbsp;KTM52_SlowSelfCorrection
<LI><a href="#[67]">&gt;&gt;</a>&nbsp;&nbsp;&nbsp;KTM52_FastSelfCorrection
</UL>

<P><STRONG><a name="[51]"></a>KTM52_SetZero</STRONG> (Thumb, 8 bytes, Stack size 0 bytes, ktm52.o(i.KTM52_SetZero))
<BR><BR>[Stack]<UL><LI>Max Depth = 72<LI>Call Chain = KTM52_SetZero &rArr; KTM52_WriteReg &rArr; KTM52_ReadReg &rArr; KTM52_SPI_TransmitReceive &rArr; SPI_DMA_Transfer
</UL>
<BR>[Calls]<UL><LI><a href="#[6b]">&gt;&gt;</a>&nbsp;&nbsp;&nbsp;KTM52_WriteReg
</UL>
<BR>[Called By]<UL><LI><a href="#[50]">&gt;&gt;</a>&nbsp;&nbsp;&nbsp;Encoder_AnglePoll
</UL>

<P><STRONG><a name="[68]"></a>KTM52_SlowSelfCorrection</STRONG> (Thumb, 92 bytes, Stack size 8 bytes, ktm52.o(i.KTM52_SlowSelfCorrection))
<BR><BR>[Stack]<UL><LI>Max Depth = 80<LI>Call Chain = KTM52_SlowSelfCorrection &rArr; KTM52_WriteReg &rArr; KTM52_ReadReg &rArr; KTM52_SPI_TransmitReceive &rArr; SPI_DMA_Transfer
</UL>
<BR>[Calls]<UL><LI><a href="#[83]">&gt;&gt;</a>&nbsp;&nbsp;&nbsp;Delay_ms
<LI><a href="#[6b]">&gt;&gt;</a>&nbsp;&nbsp;&nbsp;KTM52_WriteReg
<LI><a href="#[6c]">&gt;&gt;</a>&nbsp;&nbsp;&nbsp;KTM52_ReadRegRaw
</UL>
<BR>[Called By]<UL><LI><a href="#[66]">&gt;&gt;</a>&nbsp;&nbsp;&nbsp;Encoder_ProcessRx
</UL>

<P><STRONG><a name="[55]"></a>KTM52_StartAngle</STRONG> (Thumb, 10 bytes, Stack size 0 bytes, ktm52.o(i.KTM52_StartAngle))
<BR><BR>[Stack]<UL><LI>Max Depth = 32<LI>Call Chain = KTM52_StartAngle &rArr; SPI_DMA_StartAsync
</UL>
<BR>[Calls]<UL><LI><a href="#[88]">&gt;&gt;</a>&nbsp;&nbsp;&nbsp;SPI_DMA_StartAsync
</UL>
<BR>[Called By]<UL><LI><a href="#[50]">&gt;&gt;</a>&nbsp;&nbsp;&nbsp;Encoder_AnglePoll
</UL>

<P><STRONG><a name="[63]"></a>KTM52_UnlockReg</STRONG> (Thumb, 28 bytes, Stack size 8 bytes, ktm52.o(i.KTM52_UnlockReg))
<BR><BR>[Stack]<UL><LI>Max Depth = 80<LI>Call Chain = KTM52_UnlockReg &rArr; KTM52_WriteReg &rArr; KTM52_ReadReg &rArr; KTM52_SPI_TransmitReceive &rArr; SPI_DMA_Transfer
</UL>
<BR>[Calls]<UL><LI><a href="#[6b]">&gt;&gt;</a>&nbsp;&nbsp;&nbsp;KTM52_WriteReg
<LI><a href="#[6c]">&gt;&gt;</a>&nbsp;&nbsp;&nbsp;KTM52_ReadRegRaw
</UL>
<BR>[Called By]<UL><LI><a href="#[66]">&gt;&gt;</a>&nbsp;&nbsp;&nbsp;Encoder_ProcessRx
<LI><a href="#[60]">&gt;&gt;</a>&nbsp;&nbsp;&nbsp;Encoder_Init
</UL>

<P><STRONG><a name="[6b]"></a>KTM52_WriteReg</STRONG> (Thumb, 68 bytes, Stack size 24 bytes, ktm52.o(i.KTM52_WriteReg))
<BR><BR>[Stack]<UL><LI>Max Depth = 72<LI>Call Chain = KTM52_WriteReg &rArr; KTM52_ReadReg &rArr; KTM52_SPI_TransmitReceive &rArr; SPI_DMA_Transfer
</UL>
<BR>[Calls]<UL><LI><a href="#[86]">&gt;&gt;</a>&nbsp;&nbsp;&nbsp;KTM52_SPI_TransmitReceive
<LI><a href="#[6a]">&gt;&gt;</a>&nbsp;&nbsp;&nbsp;KTM52_ReadReg
</UL>
<BR>[Called By]<UL><LI><a href="#[66]">&gt;&gt;</a>&nbsp;&nbsp;&nbsp;Encoder_ProcessRx
<LI><a href="#[63]">&gt;&gt;</a>&nbsp;&nbsp;&nbsp;KTM52_UnlockReg
<LI><a href="#[68]">&gt;&gt;</a>&nbsp;&nbsp;&nbsp;KTM52_SlowSelfCorrection
<LI><a href="#[51]">&gt;&gt;</a>&nbsp;&nbsp;&nbsp;KTM52_SetZero
<LI><a href="#[67]">&gt;&gt;</a>&nbsp;&nbsp;&nbsp;KTM52_FastSelfCorrection
</UL>

<P><STRONG><a name="[3]"></a>MemManage_Handler</STRONG> (Thumb, 2 bytes, Stack size 0 bytes, apm32f10x_int.o(i.MemManage_Handler))
<BR><BR>[Calls]<UL><LI><a href="#[3]">&gt;&gt;</a>&nbsp;&nbsp;&nbsp;MemManage_Handler
</UL>
<BR>[Called By]<UL><LI><a href="#[3]">&gt;&gt;</a>&nbsp;&nbsp;&nbsp;MemManage_Handler
</UL>
<BR>[Address Reference Count : 1]<UL><LI> startup_apm32f103xb.o(RESET)
</UL>
<P><STRONG><a name="[1]"></a>NMI_Handler</STRONG> (Thumb, 2 bytes, Stack size 0 bytes, apm32f10x_int.o(i.NMI_Handler))
<BR>[Address Reference Count : 1]<UL><LI> startup_apm32f103xb.o(RESET)
</UL>
<P><STRONG><a name="[8a]"></a>NVIC_ConfigPriorityGroup</STRONG> (Thumb, 10 bytes, Stack size 0 bytes, apm32f10x_misc.o(i.NVIC_ConfigPriorityGroup))
<BR><BR>[Called By]<UL><LI><a href="#[89]">&gt;&gt;</a>&nbsp;&nbsp;&nbsp;NVIC_EnableIRQRequest
<LI><a href="#[3b]">&gt;&gt;</a>&nbsp;&nbsp;&nbsp;main
</UL>

<P><STRONG><a name="[89]"></a>NVIC_EnableIRQRequest</STRONG> (Thumb, 142 bytes, Stack size 16 bytes, apm32f10x_misc.o(i.NVIC_EnableIRQRequest))
<BR><BR>[Stack]<UL><LI>Max Depth = 16<LI>Call Chain = NVIC_EnableIRQRequest
</UL>
<BR>[Calls]<UL><LI><a href="#[8a]">&gt;&gt;</a>&nbsp;&nbsp;&nbsp;NVIC_ConfigPriorityGroup
</UL>
<BR>[Called By]<UL><LI><a href="#[ae]">&gt;&gt;</a>&nbsp;&nbsp;&nbsp;uart1_Init
</UL>

<P><STRONG><a name="[8]"></a>PendSV_Handler</STRONG> (Thumb, 2 bytes, Stack size 0 bytes, apm32f10x_int.o(i.PendSV_Handler))
<BR>[Address Reference Count : 1]<UL><LI> startup_apm32f103xb.o(RESET)
</UL>
<P><STRONG><a name="[93]"></a>RCM_ConfigAHB</STRONG> (Thumb, 12 bytes, Stack size 0 bytes, apm32f10x_rcm.o(i.RCM_ConfigAHB))
<BR><BR>[Called By]<UL><LI><a href="#[8d]">&gt;&gt;</a>&nbsp;&nbsp;&nbsp;REM_HSE_Confing
</UL>

<P><STRONG><a name="[94]"></a>RCM_ConfigAPB1</STRONG> (Thumb, 12 bytes, Stack size 0 bytes, apm32f10x_rcm.o(i.RCM_ConfigAPB1))
<BR><BR>[Called By]<UL><LI><a href="#[8d]">&gt;&gt;</a>&nbsp;&nbsp;&nbsp;REM_HSE_Confing
</UL>

<P><STRONG><a name="[95]"></a>RCM_ConfigAPB2</STRONG> (Thumb, 12 bytes, Stack size 0 bytes, apm32f10x_rcm.o(i.RCM_ConfigAPB2))
<BR><BR>[Called By]<UL><LI><a href="#[8d]">&gt;&gt;</a>&nbsp;&nbsp;&nbsp;REM_HSE_Confing
</UL>

<P><STRONG><a name="[8f]"></a>RCM_ConfigHSE</STRONG> (Thumb, 54 bytes, Stack size 0 bytes, apm32f10x_rcm.o(i.RCM_ConfigHSE))
<BR><BR>[Called By]<UL><LI><a href="#[8d]">&gt;&gt;</a>&nbsp;&nbsp;&nbsp;REM_HSE_Confing
</UL>

<P><STRONG><a name="[96]"></a>RCM_ConfigPLL</STRONG> (Thumb, 30 bytes, Stack size 0 bytes, apm32f10x_rcm.o(i.RCM_ConfigPLL))
<BR><BR>[Called By]<UL><LI><a href="#[8d]">&gt;&gt;</a>&nbsp;&nbsp;&nbsp;REM_HSE_Confing
</UL>

<P><STRONG><a name="[99]"></a>RCM_ConfigSYSCLK</STRONG> (Thumb, 12 bytes, Stack size 0 bytes, apm32f10x_rcm.o(i.RCM_ConfigSYSCLK))
<BR><BR>[Called By]<UL><LI><a href="#[8d]">&gt;&gt;</a>&nbsp;&nbsp;&nbsp;REM_HSE_Confing
</UL>

<P><STRONG><a name="[7f]"></a>RCM_DisableAPB1PeriphReset</STRONG> (Thumb, 10 bytes, Stack size 0 bytes, apm32f10x_rcm.o(i.RCM_DisableAPB1PeriphReset))
<BR><BR>[Called By]<UL><LI><a href="#[74]">&gt;&gt;</a>&nbsp;&nbsp;&nbsp;I2C_Reset
</UL>

<P><STRONG><a name="[9f]"></a>RCM_EnableAHBPeriphClock</STRONG> (Thumb, 10 bytes, Stack size 0 bytes, apm32f10x_rcm.o(i.RCM_EnableAHBPeriphClock))
<BR><BR>[Called By]<UL><LI><a href="#[ae]">&gt;&gt;</a>&nbsp;&nbsp;&nbsp;uart1_Init
<LI><a href="#[61]">&gt;&gt;</a>&nbsp;&nbsp;&nbsp;SPI_Init
</UL>

<P><STRONG><a name="[73]"></a>RCM_EnableAPB1PeriphClock</STRONG> (Thumb, 10 bytes, Stack size 0 bytes, apm32f10x_rcm.o(i.RCM_EnableAPB1PeriphClock))
<BR><BR>[Called By]<UL><LI><a href="#[6f]">&gt;&gt;</a>&nbsp;&nbsp;&nbsp;I2C_Init
</UL>

<P><STRONG><a name="[7e]"></a>RCM_EnableAPB1PeriphReset</STRONG> (Thumb, 10 bytes, Stack size 0 bytes, apm32f10x_rcm.o(i.RCM_EnableAPB1PeriphReset))
<BR><BR>[Called By]<UL><LI><a href="#[74]">&gt;&gt;</a>&nbsp;&nbsp;&nbsp;I2C_Reset
</UL>

<P><STRONG><a name="[64]"></a>RCM_EnableAPB2PeriphClock</STRONG> (Thumb, 10 bytes, Stack size 0 bytes, apm32f10x_rcm.o(i.RCM_EnableAPB2PeriphClock))
<BR><BR>[Called By]<UL><LI><a href="#[ae]">&gt;&gt;</a>&nbsp;&nbsp;&nbsp;uart1_Init
<LI><a href="#[60]">&gt;&gt;</a>&nbsp;&nbsp;&nbsp;Encoder_Init
<LI><a href="#[6f]">&gt;&gt;</a>&nbsp;&nbsp;&nbsp;I2C_Init
<LI><a href="#[61]">&gt;&gt;</a>&nbsp;&nbsp;&nbsp;SPI_Init
</UL>

<P><STRONG><a name="[97]"></a>RCM_EnablePLL</STRONG> (Thumb, 12 bytes, Stack size 0 bytes, apm32f10x_rcm.o(i.RCM_EnablePLL))
<BR><BR>[Called By]<UL><LI><a href="#[8d]">&gt;&gt;</a>&nbsp;&nbsp;&nbsp;REM_HSE_Confing
</UL>

<P><STRONG><a name="[8b]"></a>RCM_ReadHCLKFreq</STRONG> (Thumb, 38 bytes, Stack size 20 bytes, apm32f10x_rcm.o(i.RCM_ReadHCLKFreq))
<BR><BR>[Stack]<UL><LI>Max Depth = 20<LI>Call Chain = RCM_ReadHCLKFreq
</UL>
<BR>[Calls]<UL><LI><a href="#[8c]">&gt;&gt;</a>&nbsp;&nbsp;&nbsp;RCM_ReadSYSCLKFreq
</UL>
<BR>[Called By]<UL><LI><a href="#[72]">&gt;&gt;</a>&nbsp;&nbsp;&nbsp;RCM_ReadPCLKFreq
</UL>

<P><STRONG><a name="[72]"></a>RCM_ReadPCLKFreq</STRONG> (Thumb, 56 bytes, Stack size 20 bytes, apm32f10x_rcm.o(i.RCM_ReadPCLKFreq))
<BR><BR>[Stack]<UL><LI>Max Depth = 40<LI>Call Chain = RCM_ReadPCLKFreq &rArr; RCM_ReadHCLKFreq
</UL>
<BR>[Calls]<UL><LI><a href="#[8b]">&gt;&gt;</a>&nbsp;&nbsp;&nbsp;RCM_ReadHCLKFreq
</UL>
<BR>[Called By]<UL><LI><a href="#[71]">&gt;&gt;</a>&nbsp;&nbsp;&nbsp;I2C_Config
<LI><a href="#[ac]">&gt;&gt;</a>&nbsp;&nbsp;&nbsp;USART_Config
</UL>

<P><STRONG><a name="[8c]"></a>RCM_ReadSYSCLKFreq</STRONG> (Thumb, 62 bytes, Stack size 0 bytes, apm32f10x_rcm.o(i.RCM_ReadSYSCLKFreq))
<BR><BR>[Called By]<UL><LI><a href="#[8b]">&gt;&gt;</a>&nbsp;&nbsp;&nbsp;RCM_ReadHCLKFreq
</UL>

<P><STRONG><a name="[9a]"></a>RCM_ReadSYSCLKSource</STRONG> (Thumb, 10 bytes, Stack size 0 bytes, apm32f10x_rcm.o(i.RCM_ReadSYSCLKSource))
<BR><BR>[Called By]<UL><LI><a href="#[8d]">&gt;&gt;</a>&nbsp;&nbsp;&nbsp;REM_HSE_Confing
</UL>

<P><STRONG><a name="[98]"></a>RCM_ReadStatusFlag</STRONG> (Thumb, 44 bytes, Stack size 0 bytes, apm32f10x_rcm.o(i.RCM_ReadStatusFlag))
<BR><BR>[Called By]<UL><LI><a href="#[8d]">&gt;&gt;</a>&nbsp;&nbsp;&nbsp;REM_HSE_Confing
</UL>

<P><STRONG><a name="[8e]"></a>RCM_Reset</STRONG> (Thumb, 50 bytes, Stack size 0 bytes, apm32f10x_rcm.o(i.RCM_Reset))
<BR><BR>[Called By]<UL><LI><a href="#[8d]">&gt;&gt;</a>&nbsp;&nbsp;&nbsp;REM_HSE_Confing
</UL>

<P><STRONG><a name="[90]"></a>RCM_WaitHSEReady</STRONG> (Thumb, 40 bytes, Stack size 8 bytes, apm32f10x_rcm.o(i.RCM_WaitHSEReady))
<BR><BR>[Stack]<UL><LI>Max Depth = 8<LI>Call Chain = RCM_WaitHSEReady
</UL>
<BR>[Called By]<UL><LI><a href="#[8d]">&gt;&gt;</a>&nbsp;&nbsp;&nbsp;REM_HSE_Confing
</UL>

<P><STRONG><a name="[8d]"></a>REM_HSE_Confing</STRONG> (Thumb, 86 bytes, Stack size 8 bytes, rcm.o(i.REM_HSE_Confing))
<BR><BR>[Stack]<UL><LI>Max Depth = 16<LI>Call Chain = REM_HSE_Confing &rArr; RCM_WaitHSEReady
</UL>
<BR>[Calls]<UL><LI><a href="#[91]">&gt;&gt;</a>&nbsp;&nbsp;&nbsp;FMC_EnablePrefetchBuffer
<LI><a href="#[92]">&gt;&gt;</a>&nbsp;&nbsp;&nbsp;FMC_ConfigLatency
<LI><a href="#[90]">&gt;&gt;</a>&nbsp;&nbsp;&nbsp;RCM_WaitHSEReady
<LI><a href="#[8e]">&gt;&gt;</a>&nbsp;&nbsp;&nbsp;RCM_Reset
<LI><a href="#[98]">&gt;&gt;</a>&nbsp;&nbsp;&nbsp;RCM_ReadStatusFlag
<LI><a href="#[9a]">&gt;&gt;</a>&nbsp;&nbsp;&nbsp;RCM_ReadSYSCLKSource
<LI><a href="#[97]">&gt;&gt;</a>&nbsp;&nbsp;&nbsp;RCM_EnablePLL
<LI><a href="#[99]">&gt;&gt;</a>&nbsp;&nbsp;&nbsp;RCM_ConfigSYSCLK
<LI><a href="#[96]">&gt;&gt;</a>&nbsp;&nbsp;&nbsp;RCM_ConfigPLL
<LI><a href="#[8f]">&gt;&gt;</a>&nbsp;&nbsp;&nbsp;RCM_ConfigHSE
<LI><a href="#[95]">&gt;&gt;</a>&nbsp;&nbsp;&nbsp;RCM_ConfigAPB2
<LI><a href="#[94]">&gt;&gt;</a>&nbsp;&nbsp;&nbsp;RCM_ConfigAPB1
<LI><a href="#[93]">&gt;&gt;</a>&nbsp;&nbsp;&nbsp;RCM_ConfigAHB
</UL>
<BR>[Called By]<UL><LI><a href="#[3b]">&gt;&gt;</a>&nbsp;&nbsp;&nbsp;main
</UL>

<P><STRONG><a name="[a7]"></a>Rcm_SysTickHook</STRONG> (Thumb, 10 bytes, Stack size 0 bytes, rcm.o(i.Rcm_SysTickHook))
<BR><BR>[Called By]<UL><LI><a href="#[9]">&gt;&gt;</a>&nbsp;&nbsp;&nbsp;SysTick_Handler
</UL>

<P><STRONG><a name="[a1]"></a>SPI_Config</STRONG> (Thumb, 52 bytes, Stack size 8 bytes, apm32f10x_spi.o(i.SPI_Config))
<BR><BR>[Stack]<UL><LI>Max Depth = 8<LI>Call Chain = SPI_Config
</UL>
<BR>[Called By]<UL><LI><a href="#[61]">&gt;&gt;</a>&nbsp;&nbsp;&nbsp;SPI_Init
</UL>

<P><STRONG><a name="[a2]"></a>SPI_ConfigDataSize</STRONG> (Thumb, 16 bytes, Stack size 0 bytes, apm32f10x_spi.o(i.SPI_ConfigDataSize))
<BR><BR>[Called By]<UL><LI><a href="#[61]">&gt;&gt;</a>&nbsp;&nbsp;&nbsp;SPI_Init
</UL>

<P><STRONG><a name="[a0]"></a>SPI_ConfigStructInit</STRONG> (Thumb, 24 bytes, Stack size 0 bytes, apm32f10x_spi.o(i.SPI_ConfigStructInit))
<BR><BR>[Called By]<UL><LI><a href="#[61]">&gt;&gt;</a>&nbsp;&nbsp;&nbsp;SPI_Init
</UL>

<P><STRONG><a name="[69]"></a>SPI_DMA_Finish</STRONG> (Thumb, 32 bytes, Stack size 8 bytes, spi.o(i.SPI_DMA_Finish))
<BR><BR>[Stack]<UL><LI>Max Depth = 8<LI>Call Chain = SPI_DMA_Finish
</UL>
<BR>[Calls]<UL><LI><a href="#[6e]">&gt;&gt;</a>&nbsp;&nbsp;&nbsp;GPIO_SetBit
<LI><a href="#[9b]">&gt;&gt;</a>&nbsp;&nbsp;&nbsp;DMA_Disable
</UL>
<BR>[Called By]<UL><LI><a href="#[66]">&gt;&gt;</a>&nbsp;&nbsp;&nbsp;Encoder_ProcessRx
<LI><a href="#[53]">&gt;&gt;</a>&nbsp;&nbsp;&nbsp;KTM52_FinishAngle
</UL>

<P><STRONG><a name="[52]"></a>SPI_DMA_IsDone</STRONG> (Thumb, 56 bytes, Stack size 8 bytes, spi.o(i.SPI_DMA_IsDone))
<BR><BR>[Stack]<UL><LI>Max Depth = 8<LI>Call Chain = SPI_DMA_IsDone
</UL>
<BR>[Calls]<UL><LI><a href="#[49]">&gt;&gt;</a>&nbsp;&nbsp;&nbsp;DMA_ReadStatusFlag
<LI><a href="#[9c]">&gt;&gt;</a>&nbsp;&nbsp;&nbsp;SPI_I2S_ReadStatusFlag
</UL>
<BR>[Called By]<UL><LI><a href="#[66]">&gt;&gt;</a>&nbsp;&nbsp;&nbsp;Encoder_ProcessRx
<LI><a href="#[50]">&gt;&gt;</a>&nbsp;&nbsp;&nbsp;Encoder_AnglePoll
<LI><a href="#[53]">&gt;&gt;</a>&nbsp;&nbsp;&nbsp;KTM52_FinishAngle
</UL>

<P><STRONG><a name="[88]"></a>SPI_DMA_StartAsync</STRONG> (Thumb, 108 bytes, Stack size 32 bytes, spi.o(i.SPI_DMA_StartAsync))
<BR><BR>[Stack]<UL><LI>Max Depth = 32<LI>Call Chain = SPI_DMA_StartAsync
</UL>
<BR>[Calls]<UL><LI><a href="#[6d]">&gt;&gt;</a>&nbsp;&nbsp;&nbsp;GPIO_ResetBit
<LI><a href="#[9e]">&gt;&gt;</a>&nbsp;&nbsp;&nbsp;DMA_Enable
<LI><a href="#[9b]">&gt;&gt;</a>&nbsp;&nbsp;&nbsp;DMA_Disable
<LI><a href="#[9d]">&gt;&gt;</a>&nbsp;&nbsp;&nbsp;DMA_ConfigDataNumber
<LI><a href="#[4a]">&gt;&gt;</a>&nbsp;&nbsp;&nbsp;DMA_ClearStatusFlag
</UL>
<BR>[Called By]<UL><LI><a href="#[55]">&gt;&gt;</a>&nbsp;&nbsp;&nbsp;KTM52_StartAngle
</UL>

<P><STRONG><a name="[87]"></a>SPI_DMA_Transfer</STRONG> (Thumb, 164 bytes, Stack size 32 bytes, spi.o(i.SPI_DMA_Transfer))
<BR><BR>[Stack]<UL><LI>Max Depth = 32<LI>Call Chain = SPI_DMA_Transfer
</UL>
<BR>[Calls]<UL><LI><a href="#[6e]">&gt;&gt;</a>&nbsp;&nbsp;&nbsp;GPIO_SetBit
<LI><a href="#[6d]">&gt;&gt;</a>&nbsp;&nbsp;&nbsp;GPIO_ResetBit
<LI><a href="#[49]">&gt;&gt;</a>&nbsp;&nbsp;&nbsp;DMA_ReadStatusFlag
<LI><a href="#[9e]">&gt;&gt;</a>&nbsp;&nbsp;&nbsp;DMA_Enable
<LI><a href="#[9b]">&gt;&gt;</a>&nbsp;&nbsp;&nbsp;DMA_Disable
<LI><a href="#[9d]">&gt;&gt;</a>&nbsp;&nbsp;&nbsp;DMA_ConfigDataNumber
<LI><a href="#[4a]">&gt;&gt;</a>&nbsp;&nbsp;&nbsp;DMA_ClearStatusFlag
<LI><a href="#[9c]">&gt;&gt;</a>&nbsp;&nbsp;&nbsp;SPI_I2S_ReadStatusFlag
</UL>
<BR>[Called By]<UL><LI><a href="#[86]">&gt;&gt;</a>&nbsp;&nbsp;&nbsp;KTM52_SPI_TransmitReceive
</UL>

<P><STRONG><a name="[a3]"></a>SPI_Enable</STRONG> (Thumb, 10 bytes, Stack size 0 bytes, apm32f10x_spi.o(i.SPI_Enable))
<BR><BR>[Called By]<UL><LI><a href="#[61]">&gt;&gt;</a>&nbsp;&nbsp;&nbsp;SPI_Init
</UL>

<P><STRONG><a name="[a6]"></a>SPI_I2S_EnableDMA</STRONG> (Thumb, 24 bytes, Stack size 0 bytes, apm32f10x_spi.o(i.SPI_I2S_EnableDMA))
<BR><BR>[Called By]<UL><LI><a href="#[61]">&gt;&gt;</a>&nbsp;&nbsp;&nbsp;SPI_Init
</UL>

<P><STRONG><a name="[9c]"></a>SPI_I2S_ReadStatusFlag</STRONG> (Thumb, 14 bytes, Stack size 0 bytes, apm32f10x_spi.o(i.SPI_I2S_ReadStatusFlag))
<BR><BR>[Called By]<UL><LI><a href="#[87]">&gt;&gt;</a>&nbsp;&nbsp;&nbsp;SPI_DMA_Transfer
<LI><a href="#[52]">&gt;&gt;</a>&nbsp;&nbsp;&nbsp;SPI_DMA_IsDone
</UL>

<P><STRONG><a name="[61]"></a>SPI_Init</STRONG> (Thumb, 352 bytes, Stack size 80 bytes, spi.o(i.SPI_Init))
<BR><BR>[Stack]<UL><LI>Max Depth = 100<LI>Call Chain = SPI_Init &rArr; GPIO_Config
</UL>
<BR>[Calls]<UL><LI><a href="#[6e]">&gt;&gt;</a>&nbsp;&nbsp;&nbsp;GPIO_SetBit
<LI><a href="#[65]">&gt;&gt;</a>&nbsp;&nbsp;&nbsp;GPIO_Config
<LI><a href="#[9b]">&gt;&gt;</a>&nbsp;&nbsp;&nbsp;DMA_Disable
<LI><a href="#[a4]">&gt;&gt;</a>&nbsp;&nbsp;&nbsp;DMA_ConfigStructInit
<LI><a href="#[a5]">&gt;&gt;</a>&nbsp;&nbsp;&nbsp;DMA_Config
<LI><a href="#[4a]">&gt;&gt;</a>&nbsp;&nbsp;&nbsp;DMA_ClearStatusFlag
<LI><a href="#[64]">&gt;&gt;</a>&nbsp;&nbsp;&nbsp;RCM_EnableAPB2PeriphClock
<LI><a href="#[9f]">&gt;&gt;</a>&nbsp;&nbsp;&nbsp;RCM_EnableAHBPeriphClock
<LI><a href="#[a6]">&gt;&gt;</a>&nbsp;&nbsp;&nbsp;SPI_I2S_EnableDMA
<LI><a href="#[a3]">&gt;&gt;</a>&nbsp;&nbsp;&nbsp;SPI_Enable
<LI><a href="#[a0]">&gt;&gt;</a>&nbsp;&nbsp;&nbsp;SPI_ConfigStructInit
<LI><a href="#[a2]">&gt;&gt;</a>&nbsp;&nbsp;&nbsp;SPI_ConfigDataSize
<LI><a href="#[a1]">&gt;&gt;</a>&nbsp;&nbsp;&nbsp;SPI_Config
</UL>
<BR>[Called By]<UL><LI><a href="#[60]">&gt;&gt;</a>&nbsp;&nbsp;&nbsp;Encoder_Init
</UL>

<P><STRONG><a name="[6]"></a>SVC_Handler</STRONG> (Thumb, 2 bytes, Stack size 0 bytes, apm32f10x_int.o(i.SVC_Handler))
<BR>[Address Reference Count : 1]<UL><LI> startup_apm32f103xb.o(RESET)
</UL>
<P><STRONG><a name="[9]"></a>SysTick_Handler</STRONG> (Thumb, 18 bytes, Stack size 0 bytes, apm32f10x_int.o(i.SysTick_Handler))
<BR><BR>[Calls]<UL><LI><a href="#[a7]">&gt;&gt;</a>&nbsp;&nbsp;&nbsp;Rcm_SysTickHook
</UL>
<BR>[Address Reference Count : 1]<UL><LI> startup_apm32f103xb.o(RESET)
</UL>
<P><STRONG><a name="[ad]"></a>SysTick_Init</STRONG> (Thumb, 58 bytes, Stack size 0 bytes, rcm.o(i.SysTick_Init))
<BR><BR>[Called By]<UL><LI><a href="#[3b]">&gt;&gt;</a>&nbsp;&nbsp;&nbsp;main
</UL>

<P><STRONG><a name="[3c]"></a>SystemInit</STRONG> (Thumb, 56 bytes, Stack size 0 bytes, system_apm32f10x.o(i.SystemInit))
<BR>[Address Reference Count : 1]<UL><LI> startup_apm32f103xb.o(.text)
</UL>
<P><STRONG><a name="[48]"></a>UART1_DMASendByte</STRONG> (Thumb, 38 bytes, Stack size 16 bytes, uart.o(i.UART1_DMASendByte))
<BR><BR>[Stack]<UL><LI>Max Depth = 16<LI>Call Chain = UART1_DMASendByte
</UL>
<BR>[Calls]<UL><LI><a href="#[9e]">&gt;&gt;</a>&nbsp;&nbsp;&nbsp;DMA_Enable
<LI><a href="#[9b]">&gt;&gt;</a>&nbsp;&nbsp;&nbsp;DMA_Disable
<LI><a href="#[9d]">&gt;&gt;</a>&nbsp;&nbsp;&nbsp;DMA_ConfigDataNumber
</UL>
<BR>[Called By]<UL><LI><a href="#[45]">&gt;&gt;</a>&nbsp;&nbsp;&nbsp;Encoder_485_Senddata
</UL>

<P><STRONG><a name="[2f]"></a>USART1_IRQHandler</STRONG> (Thumb, 302 bytes, Stack size 24 bytes, uart.o(i.USART1_IRQHandler))
<BR><BR>[Stack]<UL><LI>Max Depth = 96<LI>Call Chain = USART1_IRQHandler &rArr; Encoder_HandleFrameISR &rArr; Encoder_485_Senddata &rArr; UART1_DMASendByte
</UL>
<BR>[Calls]<UL><LI><a href="#[5c]">&gt;&gt;</a>&nbsp;&nbsp;&nbsp;Encoder_HandleFrameISR
<LI><a href="#[a9]">&gt;&gt;</a>&nbsp;&nbsp;&nbsp;Encoder_GetTxID3
<LI><a href="#[a8]">&gt;&gt;</a>&nbsp;&nbsp;&nbsp;Encoder_GetTxID0
<LI><a href="#[aa]">&gt;&gt;</a>&nbsp;&nbsp;&nbsp;Encoder_GetFrameLen
<LI><a href="#[4c]">&gt;&gt;</a>&nbsp;&nbsp;&nbsp;USART_RxData
<LI><a href="#[ab]">&gt;&gt;</a>&nbsp;&nbsp;&nbsp;USART_ReadIntFlag
<LI><a href="#[4d]">&gt;&gt;</a>&nbsp;&nbsp;&nbsp;USART_ClearIntFlag
</UL>
<BR>[Address Reference Count : 1]<UL><LI> startup_apm32f103xb.o(RESET)
</UL>
<P><STRONG><a name="[4d]"></a>USART_ClearIntFlag</STRONG> (Thumb, 14 bytes, Stack size 0 bytes, apm32f10x_usart.o(i.USART_ClearIntFlag))
<BR><BR>[Called By]<UL><LI><a href="#[2f]">&gt;&gt;</a>&nbsp;&nbsp;&nbsp;USART1_IRQHandler
<LI><a href="#[45]">&gt;&gt;</a>&nbsp;&nbsp;&nbsp;Encoder_485_Senddata
</UL>

<P><STRONG><a name="[ac]"></a>USART_Config</STRONG> (Thumb, 138 bytes, Stack size 16 bytes, apm32f10x_usart.o(i.USART_Config))
<BR><BR>[Stack]<UL><LI>Max Depth = 56<LI>Call Chain = USART_Config &rArr; RCM_ReadPCLKFreq &rArr; RCM_ReadHCLKFreq
</UL>
<BR>[Calls]<UL><LI><a href="#[72]">&gt;&gt;</a>&nbsp;&nbsp;&nbsp;RCM_ReadPCLKFreq
</UL>
<BR>[Called By]<UL><LI><a href="#[ae]">&gt;&gt;</a>&nbsp;&nbsp;&nbsp;uart1_Init
</UL>

<P><STRONG><a name="[46]"></a>USART_DisableInterrupt</STRONG> (Thumb, 36 bytes, Stack size 0 bytes, apm32f10x_usart.o(i.USART_DisableInterrupt))
<BR><BR>[Called By]<UL><LI><a href="#[45]">&gt;&gt;</a>&nbsp;&nbsp;&nbsp;Encoder_485_Senddata
</UL>

<P><STRONG><a name="[af]"></a>USART_Enable</STRONG> (Thumb, 10 bytes, Stack size 0 bytes, apm32f10x_usart.o(i.USART_Enable))
<BR><BR>[Called By]<UL><LI><a href="#[ae]">&gt;&gt;</a>&nbsp;&nbsp;&nbsp;uart1_Init
</UL>

<P><STRONG><a name="[b0]"></a>USART_EnableDMA</STRONG> (Thumb, 8 bytes, Stack size 0 bytes, apm32f10x_usart.o(i.USART_EnableDMA))
<BR><BR>[Called By]<UL><LI><a href="#[ae]">&gt;&gt;</a>&nbsp;&nbsp;&nbsp;uart1_Init
</UL>

<P><STRONG><a name="[4f]"></a>USART_EnableInterrupt</STRONG> (Thumb, 34 bytes, Stack size 0 bytes, apm32f10x_usart.o(i.USART_EnableInterrupt))
<BR><BR>[Called By]<UL><LI><a href="#[ae]">&gt;&gt;</a>&nbsp;&nbsp;&nbsp;uart1_Init
<LI><a href="#[45]">&gt;&gt;</a>&nbsp;&nbsp;&nbsp;Encoder_485_Senddata
</UL>

<P><STRONG><a name="[ab]"></a>USART_ReadIntFlag</STRONG> (Thumb, 48 bytes, Stack size 0 bytes, apm32f10x_usart.o(i.USART_ReadIntFlag))
<BR><BR>[Called By]<UL><LI><a href="#[2f]">&gt;&gt;</a>&nbsp;&nbsp;&nbsp;USART1_IRQHandler
</UL>

<P><STRONG><a name="[4b]"></a>USART_ReadStatusFlag</STRONG> (Thumb, 14 bytes, Stack size 0 bytes, apm32f10x_usart.o(i.USART_ReadStatusFlag))
<BR><BR>[Called By]<UL><LI><a href="#[45]">&gt;&gt;</a>&nbsp;&nbsp;&nbsp;Encoder_485_Senddata
</UL>

<P><STRONG><a name="[4c]"></a>USART_RxData</STRONG> (Thumb, 8 bytes, Stack size 0 bytes, apm32f10x_usart.o(i.USART_RxData))
<BR><BR>[Called By]<UL><LI><a href="#[2f]">&gt;&gt;</a>&nbsp;&nbsp;&nbsp;USART1_IRQHandler
<LI><a href="#[45]">&gt;&gt;</a>&nbsp;&nbsp;&nbsp;Encoder_485_Senddata
</UL>

<P><STRONG><a name="[5]"></a>UsageFault_Handler</STRONG> (Thumb, 2 bytes, Stack size 0 bytes, apm32f10x_int.o(i.UsageFault_Handler))
<BR><BR>[Calls]<UL><LI><a href="#[5]">&gt;&gt;</a>&nbsp;&nbsp;&nbsp;UsageFault_Handler
</UL>
<BR>[Called By]<UL><LI><a href="#[5]">&gt;&gt;</a>&nbsp;&nbsp;&nbsp;UsageFault_Handler
</UL>
<BR>[Address Reference Count : 1]<UL><LI> startup_apm32f103xb.o(RESET)
</UL>
<P><STRONG><a name="[b9]"></a>__scatterload_copy</STRONG> (Thumb, 14 bytes, Stack size unknown bytes, handlers.o(i.__scatterload_copy), UNUSED)

<P><STRONG><a name="[ba]"></a>__scatterload_null</STRONG> (Thumb, 2 bytes, Stack size unknown bytes, handlers.o(i.__scatterload_null), UNUSED)

<P><STRONG><a name="[bb]"></a>__scatterload_zeroinit</STRONG> (Thumb, 14 bytes, Stack size unknown bytes, handlers.o(i.__scatterload_zeroinit), UNUSED)

<P><STRONG><a name="[3b]"></a>main</STRONG> (Thumb, 68 bytes, Stack size 0 bytes, main.o(i.main))
<BR><BR>[Stack]<UL><LI>Max Depth = 136<LI>Call Chain = main &rArr; uart1_Init &rArr; USART_Config &rArr; RCM_ReadPCLKFreq &rArr; RCM_ReadHCLKFreq
</UL>
<BR>[Calls]<UL><LI><a href="#[8a]">&gt;&gt;</a>&nbsp;&nbsp;&nbsp;NVIC_ConfigPriorityGroup
<LI><a href="#[ae]">&gt;&gt;</a>&nbsp;&nbsp;&nbsp;uart1_Init
<LI><a href="#[ad]">&gt;&gt;</a>&nbsp;&nbsp;&nbsp;SysTick_Init
<LI><a href="#[8d]">&gt;&gt;</a>&nbsp;&nbsp;&nbsp;REM_HSE_Confing
<LI><a href="#[66]">&gt;&gt;</a>&nbsp;&nbsp;&nbsp;Encoder_ProcessRx
<LI><a href="#[60]">&gt;&gt;</a>&nbsp;&nbsp;&nbsp;Encoder_Init
<LI><a href="#[50]">&gt;&gt;</a>&nbsp;&nbsp;&nbsp;Encoder_AnglePoll
</UL>
<BR>[Address Reference Count : 1]<UL><LI> entry9a.o(.ARM.Collect$$$$0000000B)
</UL>
<P><STRONG><a name="[56]"></a>millis</STRONG> (Thumb, 6 bytes, Stack size 0 bytes, rcm.o(i.millis))
<BR><BR>[Called By]<UL><LI><a href="#[50]">&gt;&gt;</a>&nbsp;&nbsp;&nbsp;Encoder_AnglePoll
</UL>

<P><STRONG><a name="[ae]"></a>uart1_Init</STRONG> (Thumb, 354 bytes, Stack size 80 bytes, uart.o(i.uart1_Init))
<BR><BR>[Stack]<UL><LI>Max Depth = 136<LI>Call Chain = uart1_Init &rArr; USART_Config &rArr; RCM_ReadPCLKFreq &rArr; RCM_ReadHCLKFreq
</UL>
<BR>[Calls]<UL><LI><a href="#[65]">&gt;&gt;</a>&nbsp;&nbsp;&nbsp;GPIO_Config
<LI><a href="#[9b]">&gt;&gt;</a>&nbsp;&nbsp;&nbsp;DMA_Disable
<LI><a href="#[a4]">&gt;&gt;</a>&nbsp;&nbsp;&nbsp;DMA_ConfigStructInit
<LI><a href="#[a5]">&gt;&gt;</a>&nbsp;&nbsp;&nbsp;DMA_Config
<LI><a href="#[4a]">&gt;&gt;</a>&nbsp;&nbsp;&nbsp;DMA_ClearStatusFlag
<LI><a href="#[64]">&gt;&gt;</a>&nbsp;&nbsp;&nbsp;RCM_EnableAPB2PeriphClock
<LI><a href="#[9f]">&gt;&gt;</a>&nbsp;&nbsp;&nbsp;RCM_EnableAHBPeriphClock
<LI><a href="#[89]">&gt;&gt;</a>&nbsp;&nbsp;&nbsp;NVIC_EnableIRQRequest
<LI><a href="#[4f]">&gt;&gt;</a>&nbsp;&nbsp;&nbsp;USART_EnableInterrupt
<LI><a href="#[b0]">&gt;&gt;</a>&nbsp;&nbsp;&nbsp;USART_EnableDMA
<LI><a href="#[af]">&gt;&gt;</a>&nbsp;&nbsp;&nbsp;USART_Enable
<LI><a href="#[ac]">&gt;&gt;</a>&nbsp;&nbsp;&nbsp;USART_Config
</UL>
<BR>[Called By]<UL><LI><a href="#[3b]">&gt;&gt;</a>&nbsp;&nbsp;&nbsp;main
</UL>
<P>
<H3>
Local Symbols
</H3>
<P><STRONG><a name="[aa]"></a>Encoder_GetFrameLen</STRONG> (Thumb, 70 bytes, Stack size 0 bytes, uart.o(i.Encoder_GetFrameLen))
<BR><BR>[Called By]<UL><LI><a href="#[2f]">&gt;&gt;</a>&nbsp;&nbsp;&nbsp;USART1_IRQHandler
</UL>

<P><STRONG><a name="[41]"></a>EE_ClrDirty</STRONG> (Thumb, 44 bytes, Stack size 8 bytes, 485.o(i.EE_ClrDirty))
<BR><BR>[Stack]<UL><LI>Max Depth = 8<LI>Call Chain = EE_ClrDirty
</UL>
<BR>[Calls]<UL><LI><a href="#[42]">&gt;&gt;</a>&nbsp;&nbsp;&nbsp;EE_IsDirty
</UL>
<BR>[Called By]<UL><LI><a href="#[50]">&gt;&gt;</a>&nbsp;&nbsp;&nbsp;Encoder_AnglePoll
</UL>

<P><STRONG><a name="[42]"></a>EE_IsDirty</STRONG> (Thumb, 20 bytes, Stack size 0 bytes, 485.o(i.EE_IsDirty))
<BR><BR>[Called By]<UL><LI><a href="#[43]">&gt;&gt;</a>&nbsp;&nbsp;&nbsp;EE_SetDirty
<LI><a href="#[41]">&gt;&gt;</a>&nbsp;&nbsp;&nbsp;EE_ClrDirty
<LI><a href="#[50]">&gt;&gt;</a>&nbsp;&nbsp;&nbsp;Encoder_AnglePoll
</UL>

<P><STRONG><a name="[5f]"></a>EE_ReadOne</STRONG> (Thumb, 52 bytes, Stack size 0 bytes, 485.o(i.EE_ReadOne))
<BR><BR>[Called By]<UL><LI><a href="#[5c]">&gt;&gt;</a>&nbsp;&nbsp;&nbsp;Encoder_HandleFrameISR
</UL>

<P><STRONG><a name="[43]"></a>EE_SetDirty</STRONG> (Thumb, 44 bytes, Stack size 8 bytes, 485.o(i.EE_SetDirty))
<BR><BR>[Stack]<UL><LI>Max Depth = 8<LI>Call Chain = EE_SetDirty
</UL>
<BR>[Calls]<UL><LI><a href="#[42]">&gt;&gt;</a>&nbsp;&nbsp;&nbsp;EE_IsDirty
</UL>
<BR>[Called By]<UL><LI><a href="#[44]">&gt;&gt;</a>&nbsp;&nbsp;&nbsp;EE_WriteOne
</UL>

<P><STRONG><a name="[44]"></a>EE_WriteOne</STRONG> (Thumb, 50 bytes, Stack size 8 bytes, 485.o(i.EE_WriteOne))
<BR><BR>[Stack]<UL><LI>Max Depth = 16<LI>Call Chain = EE_WriteOne &rArr; EE_SetDirty
</UL>
<BR>[Calls]<UL><LI><a href="#[43]">&gt;&gt;</a>&nbsp;&nbsp;&nbsp;EE_SetDirty
</UL>
<BR>[Called By]<UL><LI><a href="#[5c]">&gt;&gt;</a>&nbsp;&nbsp;&nbsp;Encoder_HandleFrameISR
</UL>

<P><STRONG><a name="[5e]"></a>Encoder_AbsSplit</STRONG> (Thumb, 12 bytes, Stack size 0 bytes, 485.o(i.Encoder_AbsSplit))
<BR><BR>[Called By]<UL><LI><a href="#[5c]">&gt;&gt;</a>&nbsp;&nbsp;&nbsp;Encoder_HandleFrameISR
</UL>

<P><STRONG><a name="[59]"></a>Encoder_PrepareResponses</STRONG> (Thumb, 88 bytes, Stack size 12 bytes, 485.o(i.Encoder_PrepareResponses))
<BR><BR>[Stack]<UL><LI>Max Depth = 20<LI>Call Chain = Encoder_PrepareResponses &rArr; Encoder_CalcCRC8
</UL>
<BR>[Calls]<UL><LI><a href="#[5d]">&gt;&gt;</a>&nbsp;&nbsp;&nbsp;Encoder_CalcCRC8
</UL>
<BR>[Called By]<UL><LI><a href="#[60]">&gt;&gt;</a>&nbsp;&nbsp;&nbsp;Encoder_Init
<LI><a href="#[50]">&gt;&gt;</a>&nbsp;&nbsp;&nbsp;Encoder_AnglePoll
</UL>

<P><STRONG><a name="[84]"></a>KTM52_IsCRCSuccess</STRONG> (Thumb, 34 bytes, Stack size 12 bytes, ktm52.o(i.KTM52_IsCRCSuccess))
<BR><BR>[Stack]<UL><LI>Max Depth = 24<LI>Call Chain = KTM52_IsCRCSuccess &rArr; KTM52_CalcCRC8
</UL>
<BR>[Calls]<UL><LI><a href="#[85]">&gt;&gt;</a>&nbsp;&nbsp;&nbsp;KTM52_CalcCRC8
</UL>
<BR>[Called By]<UL><LI><a href="#[6a]">&gt;&gt;</a>&nbsp;&nbsp;&nbsp;KTM52_ReadReg
<LI><a href="#[53]">&gt;&gt;</a>&nbsp;&nbsp;&nbsp;KTM52_FinishAngle
</UL>

<P><STRONG><a name="[86]"></a>KTM52_SPI_TransmitReceive</STRONG> (Thumb, 4 bytes, Stack size 0 bytes, ktm52.o(i.KTM52_SPI_TransmitReceive))
<BR><BR>[Stack]<UL><LI>Max Depth = 32<LI>Call Chain = KTM52_SPI_TransmitReceive &rArr; SPI_DMA_Transfer
</UL>
<BR>[Calls]<UL><LI><a href="#[87]">&gt;&gt;</a>&nbsp;&nbsp;&nbsp;SPI_DMA_Transfer
</UL>
<BR>[Called By]<UL><LI><a href="#[6b]">&gt;&gt;</a>&nbsp;&nbsp;&nbsp;KTM52_WriteReg
<LI><a href="#[6c]">&gt;&gt;</a>&nbsp;&nbsp;&nbsp;KTM52_ReadRegRaw
<LI><a href="#[6a]">&gt;&gt;</a>&nbsp;&nbsp;&nbsp;KTM52_ReadReg
</UL>

<P><STRONG><a name="[78]"></a>I2C_WaitEvent</STRONG> (Thumb, 92 bytes, Stack size 16 bytes, i2c.o(i.I2C_WaitEvent))
<BR><BR>[Stack]<UL><LI>Max Depth = 16<LI>Call Chain = I2C_WaitEvent
</UL>
<BR>[Calls]<UL><LI><a href="#[80]">&gt;&gt;</a>&nbsp;&nbsp;&nbsp;I2C_ReadStatusFlag
<LI><a href="#[82]">&gt;&gt;</a>&nbsp;&nbsp;&nbsp;I2C_ReadEventStatus
<LI><a href="#[81]">&gt;&gt;</a>&nbsp;&nbsp;&nbsp;I2C_ClearStatusFlag
</UL>
<BR>[Called By]<UL><LI><a href="#[70]">&gt;&gt;</a>&nbsp;&nbsp;&nbsp;I2C_MemRead
<LI><a href="#[58]">&gt;&gt;</a>&nbsp;&nbsp;&nbsp;I2C_MemWrite
<LI><a href="#[57]">&gt;&gt;</a>&nbsp;&nbsp;&nbsp;I2C_IsDeviceReady
</UL>
<P>
<H3>
Undefined Global Symbols
</H3><HR></body></html>
