*** Using Compiler 'V5.06 update 7 (build 960)', folder: 'F:\keil5\Core\ARM\ARMCC\Bin'
Rebuild target '5220-amp32'
assembling startup_apm32f103xb.s...
compiling apm32f10x_crc.c...
compiling apm32f10x_dbgmcu.c...
compiling apm32f10x_fmc.c...
compiling apm32f10x_can.c...
compiling apm32f10x_eth.c...
compiling apm32f10x_eint.c...
compiling apm32f10x_dac.c...
compiling apm32f10x_bakpr.c...
compiling apm32f10x_dmc.c...
compiling apm32f10x_adc.c...
compiling apm32f10x_gpio.c...
compiling apm32f10x_dma.c...
compiling apm32f10x_iwdt.c...
compiling apm32f10x_misc.c...
compiling apm32f10x_i2c.c...
compiling apm32f10x_pmu.c...
compiling apm32f10x_qspi.c...
compiling apm32f10x_rtc.c...
compiling apm32f10x_rcm.c...
compiling apm32f10x_sdio.c...
compiling apm32f10x_sci2c.c...
compiling apm32f10x_smc.c...
compiling apm32f10x_spi.c...
compiling apm32f10x_usart.c...
compiling apm32f10x_usb.c...
compiling apm32f10x_tmr.c...
compiling apm32f10x_usb_device.c...
compiling apm32f10x_wwdt.c...
compiling apm32f10x_usb_host.c...
compiling apm32f10x_int.c...
compiling system_apm32f10x.c...
compiling Rcm.c...
compiling main.c...
compiling uart.c...
compiling I2C.c...
compiling spi.c...
compiling ktm52.c...
compiling 485.c...
compiling gt24c64a.c...
linking...
Program Size: Code=8136 RO-data=548 RW-data=72 ZI-data=2608  
FromELF: creating hex file...
"..\Output\5220-apm32.axf" - 0 Error(s), 0 Warning(s).
Build Time Elapsed:  00:00:03
